[11:24:03] [ServerMain/INFO]: [bootstrap] Running Java 21 (OpenJDK 64-Bit Server VM 21.0.11+10-LTS; Amazon.com Inc. Corretto-21.0.11.10.1) on Linux 6.8.0-1052-azure (amd64)
[11:24:03] [ServerMain/INFO]: [bootstrap] Loading Paper 1.21.11-116-main@6f71be8 (2026-02-15T19:11:22Z) for Minecraft 1.21.11
[11:24:04] [ServerMain/INFO]: [PluginInitializerManager] Initializing plugins...
[11:24:07] [ServerMain/INFO]: [PluginInitializerManager] Initialized 6 plugins
[11:24:07] [ServerMain/INFO]: [PluginInitializerManager] Bukkit plugins (6):
 - PhoenixDuelsLite (3.0.7), SkinsRestorer (15.12.5), TAB (6.0.2), ViaBackwards (5.9.1), ViaVersion (5.9.1), WorldEdit (7.4.1+76eaf25bd)
[11:24:21] [ServerMain/INFO]: Environment: Environment[sessionHost=https://sessionserver.mojang.com, servicesHost=https://api.minecraftservices.com, profilesHost=https://api.mojang.com, name=PROD]
[11:24:27] [ServerMain/INFO]: Loaded 1470 recipes
[11:24:27] [ServerMain/INFO]: Loaded 1584 advancements
[11:24:27] [ServerMain/INFO]: [ca.spottedleaf.dataconverter.minecraft.datatypes.MCTypeRegistry] Initialising converters for DataConverter...
[11:24:28] [ServerMain/INFO]: [ca.spottedleaf.dataconverter.minecraft.datatypes.MCTypeRegistry] Finished initialising converters for DataConverter in 904.4ms
[11:24:28] [Server thread/INFO]: Starting minecraft server version 1.21.11
[11:24:28] [Server thread/INFO]: Loading properties
[11:24:28] [Server thread/INFO]: This server is running Paper version 1.21.11-116-main@6f71be8 (2026-02-15T19:11:22Z) (Implementing API version 1.21.11-R0.1-SNAPSHOT)
[11:24:28] [Server thread/INFO]: [spark] This server bundles the spark profiler. For more information please visit https://docs.papermc.io/paper/profiling
[11:24:29] [Server thread/INFO]: Server Ping Player Sample Count: 12
[11:24:29] [Server thread/INFO]: Using 4 threads for Netty based IO
[11:24:31] [Server thread/INFO]: [MoonriseCommon] Paper is using 1 worker threads, 1 I/O threads
[11:24:32] [Server thread/INFO]: Default game type: SURVIVAL
[11:24:32] [Server thread/INFO]: Generating keypair
[11:24:32] [Server thread/INFO]: Starting Minecraft server on *:25565
[11:24:32] [Server thread/INFO]: Paper: Using libdeflate (Linux x86_64) compression from Velocity.
[11:24:32] [Server thread/INFO]: Paper: Using OpenSSL 3.x.x (Linux x86_64) cipher from Velocity.
[11:24:34] [Server thread/INFO]: No resource with the name "templates.yml" founded.
[11:24:34] [Server thread/INFO]: Loading file "templates.yml".
[11:24:34] [Server thread/INFO]: File "templates.yml" is up to date. Importing configurations.
[11:24:34] [Server thread/INFO]: No resource with the name "elo.yml" founded.
[11:24:34] [Server thread/INFO]: Loading file "elo.yml".
[11:24:34] [Server thread/INFO]: File "elo.yml" is up to date. Importing configurations.
[11:24:34] [Server thread/INFO]: [ViaVersion] Loading server plugin ViaVersion v5.9.1
[11:24:34] [Server thread/INFO]: [ViaVersion] ViaVersion 5.9.1 is now loaded. Registering protocol transformers and injecting...
[11:24:35] [Via-Mappingloader-1/INFO]: [ViaVersion] Loading block connection mappings ...
[11:24:36] [Server thread/INFO]: [ViaBackwards] Loading translations...
[11:24:36] [Server thread/INFO]: [ViaBackwards] Registering protocols...
[11:24:37] [Server thread/INFO]: [WorldEdit] Loading server plugin WorldEdit v7.4.1+76eaf25bd
[11:24:39] [Server thread/INFO]: Got request to register class com.sk89q.worldedit.bukkit.BukkitServerInterface with WorldEdit [com.sk89q.worldedit.extension.platform.PlatformManager@caa2e04]
[11:24:39] [Server thread/INFO]: [ViaBackwards] Loading server plugin ViaBackwards v5.9.1
[11:24:39] [Server thread/INFO]: [TAB] Loading server plugin TAB v6.0.2
[11:24:39] [Server thread/INFO]: [PhoenixDuelsLite] Loading server plugin PhoenixDuelsLite v3.0.7
[11:24:39] [Server thread/INFO]: [SkinsRestorer] Loading server plugin SkinsRestorer v15.12.5
[11:24:39] [Server thread/INFO]: Server permissions file permissions.yml is empty, ignoring it
[11:24:39] [Server thread/INFO]: [WorldEdit] Enabling WorldEdit v7.4.1+76eaf25bd
[11:24:39] [Server thread/INFO]: Registering commands with com.sk89q.worldedit.bukkit.BukkitServerInterface
[11:24:39] [Server thread/INFO]: WEPIF: Using the Bukkit Permissions API.
[11:24:40] [Server thread/INFO]: Using com.sk89q.worldedit.bukkit.adapter.impl.v1_21_11.PaperweightAdapter as the Bukkit adapter
[11:24:40] [Server thread/INFO]: [SkinsRestorer] Enabling SkinsRestorer v15.12.5
[11:24:41] [Server thread/INFO]: [SkinsRestorer] -------------------------/Warning\-------------------------
[11:24:41] [Server thread/INFO]: [SkinsRestorer] This plugin is running in PROXY mode!
[11:24:41] [Server thread/INFO]: [SkinsRestorer] You have to put the same config.yml on all servers and on the proxy.
[11:24:41] [Server thread/INFO]: [SkinsRestorer] (<proxy>/plugins/SkinsRestorer/)
[11:24:41] [Server thread/INFO]: [SkinsRestorer] -------------------------\Warning/-------------------------
[11:24:42] [Server thread/INFO]: [SkinsRestorer] Running on Minecraft 1.21.11.
[11:24:42] [Server thread/WARN]: [SkinsRestorer] Proxy mode API is enabled (server.proxyMode.api), but database storage is not set up. Configure MySQL or PostgreSQL on all servers and on the proxy and use the same settings.
[11:24:43] [Server thread/WARN]: **** SERVER IS RUNNING IN OFFLINE/INSECURE MODE!
[11:24:43] [Server thread/WARN]: The server will make no attempt to authenticate usernames. Beware.
[11:24:43] [Server thread/WARN]: Whilst this makes it possible to use BungeeCord, unless access to your server is properly restricted, it also opens up the ability for hackers to connect with any username they choose.
[11:24:43] [Server thread/WARN]: Please see http://www.spigotmc.org/wiki/firewall-guide/ for further information.
[11:24:43] [Server thread/WARN]: To change this, set "online-mode" to "true" in the server.properties file.
[11:24:43] [Server thread/INFO]: Preparing level "world"
[11:24:44] [Server thread/INFO]: [ca.spottedleaf.moonrise.common.util.MoonriseConstants] NUMA enable flag is not set; however there is NUMA interaction support for this OS.
[11:24:44] [Server thread/INFO]: [ca.spottedleaf.moonrise.common.util.MoonriseConstants] Detected 1 NUMA nodes.
[11:24:44] [Folia Async Scheduler Thread #0/INFO]: [SkinsRestorer] ----------------------------------------------
[11:24:44] [Folia Async Scheduler Thread #0/INFO]: [SkinsRestorer]     +===================+
[11:24:44] [Folia Async Scheduler Thread #0/INFO]: [SkinsRestorer]     |   SkinsRestorer   |
[11:24:44] [Folia Async Scheduler Thread #0/INFO]: [SkinsRestorer]     |-------------------|
[11:24:44] [Folia Async Scheduler Thread #0/INFO]: [SkinsRestorer]     |     Proxy Mode    |
[11:24:44] [Folia Async Scheduler Thread #0/INFO]: [SkinsRestorer]     +===================+
[11:24:44] [Folia Async Scheduler Thread #0/INFO]: [SkinsRestorer] ----------------------------------------------
[11:24:44] [Folia Async Scheduler Thread #0/INFO]: [SkinsRestorer]     Version: 15.12.5
[11:24:44] [Folia Async Scheduler Thread #0/INFO]: [SkinsRestorer]     Commit: 98b9488
[11:24:44] [Folia Async Scheduler Thread #0/INFO]: [SkinsRestorer]     This is the latest version!
[11:24:44] [Folia Async Scheduler Thread #0/INFO]: [SkinsRestorer] ----------------------------------------------
[11:24:44] [Folia Async Scheduler Thread #0/INFO]: [SkinsRestorer] Do you have issues? Read our troubleshooting guide: https://skinsrestorer.net/docs/troubleshooting
[11:24:44] [Folia Async Scheduler Thread #0/INFO]: [SkinsRestorer] Want to support SkinsRestorer or receive priority support? Become a supporter: https://skinsrestorer.net/pricing
[11:24:46] [Server thread/INFO]: Loading 0 persistent chunks for world 'minecraft:overworld'...
[11:24:46] [Server thread/INFO]: Preparing spawn area: 100%
[11:24:46] [Server thread/INFO]: Prepared spawn area in 7 ms
[11:24:46] [Server thread/INFO]: Loading 0 persistent chunks for world 'minecraft:the_nether'...
[11:24:46] [Server thread/INFO]: Preparing spawn area: 100%
[11:24:46] [Server thread/INFO]: Prepared spawn area in 5 ms
[11:24:46] [Server thread/INFO]: Loading 0 persistent chunks for world 'minecraft:the_end'...
[11:24:46] [Server thread/INFO]: Prepared spawn area in 2 ms
[11:24:46] [Server thread/INFO]: Done preparing level "world" (2.212s)
[11:24:46] [Server thread/INFO]: [ViaVersion] Enabling ViaVersion v5.9.1
[11:24:46] [Server thread/INFO]: [ViaVersion] ViaVersion detected server version: 1.21.11 (774)
[11:24:46] [Server thread/INFO]: [ViaBackwards] Enabling ViaBackwards v5.9.1
[11:24:46] [Server thread/INFO]: [TAB] Enabling TAB v6.0.2
[11:24:46] [Server thread/INFO]: [TAB] Found NMS implementation: me.neznamy.tab.platforms.bukkit.paper_1_21_11.NMSImplementationProvider
[11:24:46] [Server thread/INFO]: [TAB] Enabled in 588ms
[11:24:46] [Server thread/INFO]: [PhoenixDuelsLite] Enabling PhoenixDuelsLite v3.0.7
[11:24:46] [Server thread/INFO]: Loading cross version adapter...
[11:24:46] [Server thread/WARN]: [org.bukkit.craftbukkit.legacy.CraftLegacy] Initializing Legacy Material Support. Unless you have legacy plugins and/or data this is a bug!
[11:25:06] [Server thread/INFO]:   ____    ____             _     
[11:25:07] [Server thread/INFO]:  |  _ \  |  _ \ _   _  ___| |___ 
[11:25:07] [Server thread/INFO]:  | |_) | | | | | | | |/ _ \ / __|
[11:25:07] [Server thread/INFO]:  |  __/  | |_| | |_| |  __/ \__ \
[11:25:07] [Server thread/INFO]:  |_| (_) |____/ \__,_|\___|_|___/ Lite v3.0.7
[11:25:07] [Server thread/INFO]:                                       
[11:25:07] [Server thread/INFO]: Created by Phoenix Plugins
[11:25:07] [Server thread/INFO]: https://phoenixplugins.com/
[11:25:07] [Server thread/INFO]: 
[11:25:07] [Server thread/INFO]: Loading settings...
[11:25:07] [Server thread/INFO]: Loading file "config.yml".
[11:25:07] [Server thread/INFO]: File "config.yml" is up to date. Importing configurations.
[11:25:07] [Server thread/INFO]: Vault is not installed. If you want to use economy in this plugin install it.
[11:25:07] [Server thread/INFO]: -> See more at: https://www.spigotmc.org/resources/vault.34315/
[11:25:07] [Server thread/INFO]: PlaceholderAPI is not installed. If you want to support more placeholders in this plugin install it.
[11:25:07] [Server thread/INFO]: -> See more at: https://www.spigotmc.org/resources/placeholderapi.6245/
[11:25:07] [Server thread/INFO]: Checking for possible migrations...
[11:25:07] [Server thread/INFO]: [PhoenixDuelsLite] Current patch: #202521111848
[11:25:07] [Server thread/INFO]: [PhoenixDuelsLite] No patches to run.
[11:25:07] [Server thread/INFO]: WorldEdit founded. Preparing placeholders...
[11:25:07] [Server thread/INFO]: Loading commands...
[11:25:07] [Server thread/INFO]: Loading database...
[11:25:07] [Server thread/WARN]: 14 [Server thread] INFO com.phoenixplugins.phoenixduels.lib.hikari.HikariDataSource - CyberSQLitePool - Starting...
[11:25:07] [Server thread/WARN]: 394 [Server thread] INFO com.phoenixplugins.phoenixduels.lib.hikari.HikariDataSource - CyberSQLitePool - Start completed.
[11:25:07] [Server thread/INFO]: Loading menus...
[11:25:07] [Server thread/INFO]: Loading file "menus/select_map.yml".
[11:25:07] [Server thread/INFO]: File "menus/select_map.yml" is up to date. Importing configurations.
[11:25:08] [Server thread/INFO]: Loading file "menus/select_mode.yml".
[11:25:08] [Server thread/INFO]: File "menus/select_mode.yml" is up to date. Importing configurations.
[11:25:08] [Server thread/INFO]: Loading file "menus/items_betting.yml".
[11:25:08] [Server thread/INFO]: File "menus/items_betting.yml" is up to date. Importing configurations.
[11:25:08] [Server thread/INFO]: Loading file "menus/custom/select_arena_mode.yml".
[11:25:08] [Server thread/INFO]: File "menus/custom/select_arena_mode.yml" is up to date. Importing configurations.
[11:25:08] [Server thread/INFO]: Loading file "menus/custom/create_match.yml".
[11:25:08] [Server thread/INFO]: File "menus/custom/create_match.yml" is up to date. Importing configurations.
[11:25:08] [Server thread/INFO]: Loading file "menus/custom/duel_player.yml".
[11:25:08] [Server thread/INFO]: File "menus/custom/duel_player.yml" need to be updated. Creating a backup named "menus/custom/duel_player.yml.backup".
[11:25:08] [Server thread/INFO]: Migrating old configurations...
[11:25:08] [Server thread/INFO]: -> Path: [external-spectator.slot]
[11:25:08] [Server thread/INFO]: --> Warning: When using "SlotCompound" adapter. Expected "Integer", founded "". Ignoring yaml value and using predefined value.
[11:25:08] [Server thread/INFO]: File "menus/custom/duel_player.yml" updated!
[11:25:08] [Server thread/INFO]: Loading file "menus/custom/challenge_opponent.yml".
[11:25:08] [Server thread/INFO]: File "menus/custom/challenge_opponent.yml" is up to date. Importing configurations.
[11:25:08] [Server thread/INFO]: Loading file "menus/unranked/select_player_mode.yml".
[11:25:08] [Server thread/INFO]: File "menus/unranked/select_player_mode.yml" is up to date. Importing configurations.
[11:25:08] [Server thread/INFO]: Loading file "menus/unranked/select_arena_mode.yml".
[11:25:08] [Server thread/INFO]: File "menus/unranked/select_arena_mode.yml" is up to date. Importing configurations.
[11:25:08] [Server thread/INFO]: Loading file "menus/ranked/select_player_mode.yml".
[11:25:08] [Server thread/INFO]: File "menus/ranked/select_player_mode.yml" is up to date. Importing configurations.
[11:25:08] [Server thread/INFO]: Loading file "menus/ranked/select_arena_mode.yml".
[11:25:08] [Server thread/INFO]: File "menus/ranked/select_arena_mode.yml" is up to date. Importing configurations.
[11:25:08] [Server thread/INFO]: Loading file "menus/queue.yml".
[11:25:08] [Server thread/INFO]: File "menus/queue.yml" is up to date. Importing configurations.
[11:25:08] [Server thread/INFO]: Loading file "menus/stats.yml".
[11:25:08] [Server thread/INFO]: File "menus/stats.yml" is up to date. Importing configurations.
[11:25:08] [Server thread/INFO]: Loading file "menus/leaderboard.yml".
[11:25:08] [Server thread/INFO]: File "menus/leaderboard.yml" is up to date. Importing configurations.
[11:25:08] [Server thread/INFO]: Loading file "menus/settings.yml".
[11:25:08] [Server thread/INFO]: File "menus/settings.yml" is up to date. Importing configurations.
[11:25:08] [Server thread/INFO]: Loading file "menus/party/party.yml".
[11:25:08] [Server thread/INFO]: File "menus/party/party.yml" is up to date. Importing configurations.
[11:25:08] [Server thread/INFO]: Loading file "menus/party/info.yml".
[11:25:08] [Server thread/INFO]: File "menus/party/info.yml" is up to date. Importing configurations.
[11:25:08] [Server thread/INFO]: Loading file "menus/party/invite_player.yml".
[11:25:08] [Server thread/INFO]: File "menus/party/invite_player.yml" is up to date. Importing configurations.
[11:25:08] [Server thread/INFO]: Loading file "menus/party/manage_member.yml".
[11:25:08] [Server thread/INFO]: File "menus/party/manage_member.yml" is up to date. Importing configurations.
[11:25:08] [Server thread/INFO]: Loading file "spectator_hotbar.yml".
[11:25:08] [Server thread/INFO]: File "spectator_hotbar.yml" is up to date. Importing configurations.
[11:25:08] [Server thread/INFO]: Loading file "menus/kit_editor.yml".
[11:25:08] [Server thread/INFO]: File "menus/kit_editor.yml" is up to date. Importing configurations.
[11:25:08] [Server thread/INFO]: Loading players data...
[11:25:08] [Server thread/INFO]: Loading blobs...
[11:25:10] [Server thread/INFO]: Loading duels settings...
[11:25:10] [Server thread/INFO]: Loading file "modes/mace.yml".
[11:25:10] [Server thread/INFO]: File "modes/mace.yml" is up to date. Importing configurations.
[11:25:10] [Server thread/INFO]: Loading file "modes/arena_mode_5950.yml".
[11:25:10] [Server thread/INFO]: File "modes/arena_mode_5950.yml" is up to date. Importing configurations.
[11:25:10] [Server thread/INFO]: Loading file "modes/arena_mode_7267.yml".
[11:25:10] [Server thread/INFO]: File "modes/arena_mode_7267.yml" is up to date. Importing configurations.
[11:25:10] [Server thread/INFO]: Loading file "modes/arena_mode_5157.yml".
[11:25:10] [Server thread/INFO]: File "modes/arena_mode_5157.yml" is up to date. Importing configurations.
[11:25:10] [Server thread/INFO]: Loading file "modes/classic.yml".
[11:25:10] [Server thread/INFO]: File "modes/classic.yml" is up to date. Importing configurations.
[11:25:10] [Server thread/INFO]: Loaded 5 modes.
[11:25:10] [Server thread/INFO]: Loading file "maps/fireworkmace.yml".
[11:25:11] [Server thread/INFO]: File "maps/fireworkmace.yml" is up to date. Importing configurations.
[11:25:11] [Server thread/INFO]: Loading file "maps/smp.yml".
[11:25:11] [Server thread/INFO]: File "maps/smp.yml" is up to date. Importing configurations.
[11:25:11] [Server thread/INFO]: Loading file "maps/sword_1.yml".
[11:25:11] [Server thread/INFO]: File "maps/sword_1.yml" is up to date. Importing configurations.
[11:25:11] [Server thread/INFO]: Loading file "maps/map_6151.yml".
[11:25:11] [Server thread/INFO]: File "maps/map_6151.yml" is up to date. Importing configurations.
[11:25:11] [Server thread/INFO]: Loading file "maps/mace_2.yml".
[11:25:11] [Server thread/INFO]: File "maps/mace_2.yml" is up to date. Importing configurations.
[11:25:11] [Server thread/INFO]: Loaded 5 arenas.
[11:25:11] [Server thread/INFO]: Loading file "sounds.yml".
[11:25:11] [Server thread/INFO]: File "sounds.yml" is up to date. Importing configurations.
[11:25:11] [Server thread/INFO]: 
[11:25:11] [Server thread/INFO]: Plugin loaded successfully!
[11:25:11] [Server thread/INFO]: [Any questions or problems that may arise, contact us through
[11:25:11] [Server thread/INFO]: the website or our discord: https://phoenixplugins.com/media/discord]
[11:25:11] [Server thread/INFO]: 
[11:25:11] [Server thread/INFO]: [spark] Starting background profiler...
[11:25:12] [Server thread/INFO]: Running delayed init tasks
[11:25:12] [Server thread/INFO]: Done (70.109s)! For help, type "help"
[11:25:12] [Craft Scheduler Thread - 5 - ViaVersion/INFO]: [ViaVersion] Finished mapping loading, shutting down loader executor.
[11:25:12] [Server thread/INFO]: Banned ItzSammer: Banned by an operator.
[11:25:12] [Server thread/WARN]: [ViaVersion] There is a newer plugin version available: 5.11.0, you're on: 5.9.1
[11:25:12] [Paper Async Task Handler Thread - 1/WARN]: *** You are running an outdated version of Minecraft, which is 4 release(s) and 16 build(s) behind!
[11:25:12] [Paper Async Task Handler Thread - 1/WARN]: *** Please update to the latest stable version on https://papermc.io/downloads/paper ***
[11:25:36] [Server thread/INFO]: Unbanned ItzSammer
[11:25:46] [Server thread/INFO]: [Not Secure] [Server] yooyoyo
