[2026/07/22 00:45:03]: §9          __             _       
[2026/07/22 00:45:03]: §9  _ __   / /  ___   __ _(_)_ __  
[2026/07/22 00:45:03]: §9 | '_ \ / /  / _ \ / _` | | '_ \ 
[2026/07/22 00:45:03]: §9 | | | / /__| (_) | (_| | | | | |
[2026/07/22 00:45:03]: §9 |_| |_\____/\___/ \__, |_|_| |_|
[2026/07/22 00:45:03]: §9                  |___/            
[2026/07/22 00:45:03]: §9 By: www.nickuc.com - V 10.4.27
[2026/07/22 00:45:03]: §9 
[2026/07/22 00:45:03]: §3[nLogin] [DEBUG] All settings were loaded in 407 ms.
[2026/07/22 00:45:04]: §3[nLogin] [DEBUG] Loading the messages_en.yml message file...
[2026/07/22 00:45:04]: §3[nLogin] [DEBUG] All plugin messages were loaded in 194 ms (languageByClient=false).
[2026/07/22 00:45:04]: §3[nLogin] [DEBUG] All proxy settings were loaded in 28 ms.
[2026/07/22 00:45:04]: §3[nLogin] [DEBUG] Loading database...
[2026/07/22 00:45:04]: §3[nLogin] [DEBUG] Starting logger filter...
[2026/07/22 00:45:09]: 
[2026/07/22 00:45:09]:  §bThank you so much for choosing nLogin! §4<3
[2026/07/22 00:45:09]: 
[2026/07/22 00:45:09]:  §4For your safety, please read the message below:
[2026/07/22 00:45:09]:   §cNever download nLogin from unknown sources.
[2026/07/22 00:45:09]:   §cA modified version may contain malicious software.
[2026/07/22 00:45:09]: 
[2026/07/22 00:45:09]:  §3Trusted sources:
[2026/07/22 00:45:09]:   §bwww.nickuc.com
[2026/07/22 00:45:09]:   §bwww.github.com/nickuc
[2026/07/22 00:45:09]:   §bOpeNLogin installer (from Spigot or GitHub)
[2026/07/22 00:45:09]: 
[2026/07/22 00:45:09]:  §3Official support channels:
[2026/07/22 00:45:09]:   §bDiscord group: §fwww.nickuc.com/discord
[2026/07/22 00:45:09]:   §bDocumentation: §fdocs.nickuc.com/nlogin/
[2026/07/22 00:45:09]:   §bEmail: §fsupport@nickuc.com
[2026/07/22 00:45:09]:   §bYouTube: §fyoutube.com/nickuc
[2026/07/22 00:45:09]: 
[2026/07/22 00:45:09]:  §eTo remove this warning, log in with "nlogin.admin" permission on the server
[2026/07/22 00:45:09]:  §eand click the "Setup plugin" button to configure your plugin.
[2026/07/22 00:45:10]: 
[2026/07/22 00:47:05]: §3[nLogin] [DEBUG] The ItzSammer (0:0:0:0:0:0:0:1) player entered an incorrect password
[2026/07/22 00:47:22]: §3[nLogin] [DEBUG] [SQLite] [UPDATE]: "UPDATE `nlogin` SET `last_name` = 'ItzSammer', `unique_id` = a130978d5803371dab29c8f6ed7849bb,  `mojang_id` = null,  `bedrock_id` = null,  `password` = '$2a$10$XIwyRFUSP4TifbVnoP92l.aNeR1tn2MZ3CEB3y25gvrjwIuPfVLIS', `last_ip` = '0:0:0:0:0:0:0:1', `creation_date` = 2026-05-22 08:12:06.495, `last_seen` = 2026-07-22 00:47:22.095, `email` = null, `discord` = null, `settings` = '{"settings":[{"value":"en","key":"language"},{"value":"survival","key":"last-server"}],"version":0}' WHERE `ai` = 3" (applied to [last_ip, last_seen, settings] columns)
[2026/07/22 00:47:22]: [nLogin] The user ItzSammer has successfully logged in.
[2026/07/22 00:48:22]: §3[nLogin] [DEBUG] [SQLite] [UPDATE]: "UPDATE `nlogin` SET `last_name` = 'nivinpro9', `unique_id` = 4df1ec90be0f38db83238a7809fc8069,  `mojang_id` = null,  `bedrock_id` = null,  `password` = '$2a$10$wb77FapEGHCoOMw2wLWV/u5AXgdz9CauOIj8/e6EUKxxBiDM3bcpW', `last_ip` = '0:0:0:0:0:0:0:1', `creation_date` = 2026-05-22 08:11:01.355, `last_seen` = 2026-07-22 00:48:22.917, `email` = null, `discord` = null, `settings` = '{"settings":[{"value":"survival","key":"last-server"},{"value":"en","key":"language"}],"version":0}' WHERE `ai` = 2" (applied to [last_ip, last_seen, settings] columns)
[2026/07/22 00:48:22]: [nLogin] The user nivinpro9 has successfully logged in.
[2026/07/22 00:48:40]: §3[nLogin] [DEBUG] [SQLite] [UPDATE]: "UPDATE `nlogin` SET `last_name` = 'nivinpro9', `unique_id` = 4df1ec90be0f38db83238a7809fc8069,  `mojang_id` = null,  `bedrock_id` = null,  `password` = '$2a$10$wb77FapEGHCoOMw2wLWV/u5AXgdz9CauOIj8/e6EUKxxBiDM3bcpW', `last_ip` = '0:0:0:0:0:0:0:1', `creation_date` = 2026-05-22 08:11:01.355, `last_seen` = 2026-07-22 00:48:40.612, `email` = null, `discord` = null, `settings` = '{"settings":[{"value":"auth","key":"last-server"},{"value":"en","key":"language"}],"version":0}' WHERE `ai` = 2" (applied to [last_seen, settings] columns)
[2026/07/22 00:49:26]: §3[nLogin] [DEBUG] [SQLite] [UPDATE]: "UPDATE `nlogin` SET `last_name` = 'ItzSammer', `unique_id` = a130978d5803371dab29c8f6ed7849bb,  `mojang_id` = null,  `bedrock_id` = null,  `password` = '$2a$10$XIwyRFUSP4TifbVnoP92l.aNeR1tn2MZ3CEB3y25gvrjwIuPfVLIS', `last_ip` = '0:0:0:0:0:0:0:1', `creation_date` = 2026-05-22 08:12:06.495, `last_seen` = 2026-07-22 00:49:26.439, `email` = null, `discord` = null, `settings` = '{"settings":[{"value":"en","key":"language"},{"value":"auth","key":"last-server"}],"version":0}' WHERE `ai` = 3" (applied to [last_seen, settings] columns)
[2026/07/22 00:49:42]: §3[nLogin] [DEBUG] [SQLite] [UPDATE]: "UPDATE `nlogin` SET `last_name` = 'nivinpro9', `unique_id` = 4df1ec90be0f38db83238a7809fc8069,  `mojang_id` = null,  `bedrock_id` = null,  `password` = '$2a$10$wb77FapEGHCoOMw2wLWV/u5AXgdz9CauOIj8/e6EUKxxBiDM3bcpW', `last_ip` = '0:0:0:0:0:0:0:1', `creation_date` = 2026-05-22 08:11:01.355, `last_seen` = 2026-07-22 00:49:42.638, `email` = null, `discord` = null, `settings` = '{"settings":[{"value":"auth","key":"last-server"},{"value":"en","key":"language"}],"version":0}' WHERE `ai` = 2" (applied to [last_ip, last_seen, settings] columns)
[2026/07/22 00:49:42]: [nLogin] The user nivinpro9 has successfully logged in.
[2026/07/22 00:49:48]: §3[nLogin] [DEBUG] [SQLite] [UPDATE]: "UPDATE `nlogin` SET `last_name` = 'nivinpro9', `unique_id` = 4df1ec90be0f38db83238a7809fc8069,  `mojang_id` = null,  `bedrock_id` = null,  `password` = '$2a$10$wb77FapEGHCoOMw2wLWV/u5AXgdz9CauOIj8/e6EUKxxBiDM3bcpW', `last_ip` = '0:0:0:0:0:0:0:1', `creation_date` = 2026-05-22 08:11:01.355, `last_seen` = 2026-07-22 00:49:48.275, `email` = null, `discord` = null, `settings` = '{"settings":[{"value":"auth","key":"last-server"},{"value":"en","key":"language"}],"version":0}' WHERE `ai` = 2" (applied to [last_seen, settings] columns)
[2026/07/22 00:50:57]: [nLogin] Successful plugin core shutdown (took 0.00s)
