[2026/07/23 11:12:04]: §9          __             _       
[2026/07/23 11:12:04]: §9  _ __   / /  ___   __ _(_)_ __  
[2026/07/23 11:12:04]: §9 | '_ \ / /  / _ \ / _` | | '_ \ 
[2026/07/23 11:12:04]: §9 | | | / /__| (_) | (_| | | | | |
[2026/07/23 11:12:04]: §9 |_| |_\____/\___/ \__, |_|_| |_|
[2026/07/23 11:12:04]: §9                  |___/            
[2026/07/23 11:12:04]: §9 By: www.nickuc.com - V 10.4.27
[2026/07/23 11:12:04]: §9 
[2026/07/23 11:12:05]: §3[nLogin] [DEBUG] All settings were loaded in 163 ms.
[2026/07/23 11:12:05]: §3[nLogin] [DEBUG] Loading the messages_en.yml message file...
[2026/07/23 11:12:05]: §3[nLogin] [DEBUG] All plugin messages were loaded in 68 ms (languageByClient=false).
[2026/07/23 11:12:05]: §3[nLogin] [DEBUG] All proxy settings were loaded in 14 ms.
[2026/07/23 11:12:05]: §3[nLogin] [DEBUG] Loading database...
[2026/07/23 11:12:05]: §3[nLogin] [DEBUG] Starting logger filter...
[2026/07/23 11:12:10]: 
[2026/07/23 11:12:10]:  §bThank you so much for choosing nLogin! §4<3
[2026/07/23 11:12:10]: 
[2026/07/23 11:12:10]:  §4For your safety, please read the message below:
[2026/07/23 11:12:10]:   §cNever download nLogin from unknown sources.
[2026/07/23 11:12:10]:   §cA modified version may contain malicious software.
[2026/07/23 11:12:10]: 
[2026/07/23 11:12:10]:  §3Trusted sources:
[2026/07/23 11:12:10]:   §bwww.nickuc.com
[2026/07/23 11:12:10]:   §bwww.github.com/nickuc
[2026/07/23 11:12:10]:   §bOpeNLogin installer (from Spigot or GitHub)
[2026/07/23 11:12:10]: 
[2026/07/23 11:12:10]:  §3Official support channels:
[2026/07/23 11:12:10]:   §bDiscord group: §fwww.nickuc.com/discord
[2026/07/23 11:12:10]:   §bDocumentation: §fdocs.nickuc.com/nlogin/
[2026/07/23 11:12:10]:   §bEmail: §fsupport@nickuc.com
[2026/07/23 11:12:10]:   §bYouTube: §fyoutube.com/nickuc
[2026/07/23 11:12:10]: 
[2026/07/23 11:12:10]:  §eTo remove this warning, log in with "nlogin.admin" permission on the server
[2026/07/23 11:12:10]:  §eand click the "Setup plugin" button to configure your plugin.
[2026/07/23 11:12:10]: 
[2026/07/23 11:16:20]: §3[nLogin] [DEBUG] [SQLite] [UPDATE]: "UPDATE `nlogin` SET `last_name` = 'ItzSammer', `unique_id` = a130978d5803371dab29c8f6ed7849bb,  `mojang_id` = null,  `bedrock_id` = null,  `password` = '$2a$10$XIwyRFUSP4TifbVnoP92l.aNeR1tn2MZ3CEB3y25gvrjwIuPfVLIS', `last_ip` = '0:0:0:0:0:0:0:1', `creation_date` = 2026-05-22 08:12:06.495, `last_seen` = 2026-07-23 11:16:20.388, `email` = null, `discord` = null, `settings` = '{"settings":[{"value":"en","key":"language"},{"value":"survival","key":"last-server"}],"version":0}' WHERE `ai` = 3" (applied to [last_ip, last_seen, settings] columns)
[2026/07/23 11:16:20]: [nLogin] The user ItzSammer has successfully logged in.
[2026/07/23 11:17:35]: §3[nLogin] [DEBUG] [SQLite] [UPDATE]: "UPDATE `nlogin` SET `last_name` = 'ItzSammer', `unique_id` = a130978d5803371dab29c8f6ed7849bb,  `mojang_id` = null,  `bedrock_id` = null,  `password` = '$2a$10$XIwyRFUSP4TifbVnoP92l.aNeR1tn2MZ3CEB3y25gvrjwIuPfVLIS', `last_ip` = '0:0:0:0:0:0:0:1', `creation_date` = 2026-05-22 08:12:06.495, `last_seen` = 2026-07-23 11:17:35.43, `email` = null, `discord` = null, `settings` = '{"settings":[{"value":"en","key":"language"},{"value":"survival","key":"last-server"}],"version":0}' WHERE `ai` = 3" (applied to [last_seen, settings] columns)
[2026/07/23 11:19:26]: §3[nLogin] [DEBUG] [SQLite] [UPDATE]: "UPDATE `nlogin` SET `last_name` = 'DoctorrMomo', `unique_id` = 1761bae3efb93a39b93a4b2fed96d855,  `mojang_id` = null,  `bedrock_id` = null,  `password` = '$2a$10$xS2ILb3eetTGPuw3bXCF1.BnZdCXddXp.TczC14hOnPpnMu2yoc52', `last_ip` = '0:0:0:0:0:0:0:1', `creation_date` = 2026-05-22 10:14:53.931, `last_seen` = 2026-07-23 11:19:26.272, `email` = null, `discord` = null, `settings` = '{"settings":[{"value":"auth","key":"last-server"},{"value":"en","key":"language"}],"version":0}' WHERE `ai` = 4" (applied to [last_ip, last_seen, settings] columns)
[2026/07/23 11:19:26]: [nLogin] The user DoctorrMomo has successfully logged in.
[2026/07/23 11:21:50]: §3[nLogin] [DEBUG] [SQLite] [UPDATE]: "UPDATE `nlogin` SET `last_name` = 'ItzSammer', `unique_id` = a130978d5803371dab29c8f6ed7849bb,  `mojang_id` = null,  `bedrock_id` = null,  `password` = '$2a$10$XIwyRFUSP4TifbVnoP92l.aNeR1tn2MZ3CEB3y25gvrjwIuPfVLIS', `last_ip` = '0:0:0:0:0:0:0:1', `creation_date` = 2026-05-22 08:12:06.495, `last_seen` = 2026-07-23 11:21:50.846, `email` = null, `discord` = null, `settings` = '{"settings":[{"value":"en","key":"language"},{"value":"survival","key":"last-server"}],"version":0}' WHERE `ai` = 3" (applied to [last_ip, last_seen, settings] columns)
[2026/07/23 11:21:50]: [nLogin] The user ItzSammer has successfully logged in.
[2026/07/23 12:05:35]: §3[nLogin] [DEBUG] [SQLite] [UPDATE]: "UPDATE `nlogin` SET `last_name` = 'ItzSammer', `unique_id` = a130978d5803371dab29c8f6ed7849bb,  `mojang_id` = null,  `bedrock_id` = null,  `password` = '$2a$10$XIwyRFUSP4TifbVnoP92l.aNeR1tn2MZ3CEB3y25gvrjwIuPfVLIS', `last_ip` = '0:0:0:0:0:0:0:1', `creation_date` = 2026-05-22 08:12:06.495, `last_seen` = 2026-07-23 12:05:35.91, `email` = null, `discord` = null, `settings` = '{"settings":[{"value":"en","key":"language"},{"value":"survival","key":"last-server"}],"version":0}' WHERE `ai` = 3" (applied to [last_seen, settings] columns)
[2026/07/23 12:06:16]: §3[nLogin] [DEBUG] [SQLite] [UPDATE]: "UPDATE `nlogin` SET `last_name` = 'ItzSammer', `unique_id` = a130978d5803371dab29c8f6ed7849bb,  `mojang_id` = null,  `bedrock_id` = null,  `password` = '$2a$10$XIwyRFUSP4TifbVnoP92l.aNeR1tn2MZ3CEB3y25gvrjwIuPfVLIS', `last_ip` = '0:0:0:0:0:0:0:1', `creation_date` = 2026-05-22 08:12:06.495, `last_seen` = 2026-07-23 12:06:15.998, `email` = null, `discord` = null, `settings` = '{"settings":[{"value":"en","key":"language"},{"value":"survival","key":"last-server"}],"version":0}' WHERE `ai` = 3" (applied to [last_ip, last_seen, settings] columns)
[2026/07/23 12:06:16]: [nLogin] The user ItzSammer has successfully logged in.
[2026/07/23 12:08:39]: §3[nLogin] [DEBUG] [SQLite] [UPDATE]: "UPDATE `nlogin` SET `last_name` = 'ItzSammer', `unique_id` = a130978d5803371dab29c8f6ed7849bb,  `mojang_id` = null,  `bedrock_id` = null,  `password` = '$2a$10$XIwyRFUSP4TifbVnoP92l.aNeR1tn2MZ3CEB3y25gvrjwIuPfVLIS', `last_ip` = '0:0:0:0:0:0:0:1', `creation_date` = 2026-05-22 08:12:06.495, `last_seen` = 2026-07-23 12:08:39.693, `email` = null, `discord` = null, `settings` = '{"settings":[{"value":"en","key":"language"},{"value":"survival","key":"last-server"}],"version":0}' WHERE `ai` = 3" (applied to [last_seen, settings] columns)
[2026/07/23 12:08:46]: §3[nLogin] [DEBUG] [SQLite] [UPDATE]: "UPDATE `nlogin` SET `last_name` = 'ItzSammer', `unique_id` = a130978d5803371dab29c8f6ed7849bb,  `mojang_id` = null,  `bedrock_id` = null,  `password` = '$2a$10$XIwyRFUSP4TifbVnoP92l.aNeR1tn2MZ3CEB3y25gvrjwIuPfVLIS', `last_ip` = '0:0:0:0:0:0:0:1', `creation_date` = 2026-05-22 08:12:06.495, `last_seen` = 2026-07-23 12:08:46.478, `email` = null, `discord` = null, `settings` = '{"settings":[{"value":"en","key":"language"},{"value":"survival","key":"last-server"}],"version":0}' WHERE `ai` = 3" (applied to [last_ip, last_seen, settings] columns)
[2026/07/23 12:08:46]: [nLogin] The user ItzSammer has successfully logged in.
