[2026/08/31 03:58:22]: §9          __             _       
[2026/08/31 03:58:22]: §9  _ __   / /  ___   __ _(_)_ __  
[2026/08/31 03:58:22]: §9 | '_ \ / /  / _ \ / _` | | '_ \ 
[2026/08/31 03:58:22]: §9 | | | / /__| (_) | (_| | | | | |
[2026/08/31 03:58:22]: §9 |_| |_\____/\___/ \__, |_|_| |_|
[2026/08/31 03:58:22]: §9                  |___/            
[2026/08/31 03:58:22]: §9 By: www.nickuc.com - V 10.4.27
[2026/08/31 03:58:22]: §9 
[2026/08/31 03:58:23]: §3[nLogin] [DEBUG] All settings were loaded in 1003 ms.
[2026/08/31 03:58:24]: §3[nLogin] [DEBUG] Loading the messages_en.yml message file...
[2026/08/31 03:58:24]: §3[nLogin] [DEBUG] All plugin messages were loaded in 163 ms (languageByClient=false).
[2026/08/31 03:58:24]: §3[nLogin] [DEBUG] All proxy settings were loaded in 38 ms.
[2026/08/31 03:58:24]: §3[nLogin] [DEBUG] Loading database...
[2026/08/31 03:58:25]: §3[nLogin] [DEBUG] Starting logger filter...
[2026/08/31 03:58:30]: 
[2026/08/31 03:58:30]:  §bThank you so much for choosing nLogin! §4<3
[2026/08/31 03:58:30]: 
[2026/08/31 03:58:30]:  §4For your safety, please read the message below:
[2026/08/31 03:58:30]:   §cNever download nLogin from unknown sources.
[2026/08/31 03:58:30]:   §cA modified version may contain malicious software.
[2026/08/31 03:58:30]: 
[2026/08/31 03:58:30]:  §3Trusted sources:
[2026/08/31 03:58:30]:   §bwww.nickuc.com
[2026/08/31 03:58:30]:   §bwww.github.com/nickuc
[2026/08/31 03:58:30]:   §bOpeNLogin installer (from Spigot or GitHub)
[2026/08/31 03:58:30]: 
[2026/08/31 03:58:30]:  §3Official support channels:
[2026/08/31 03:58:30]:   §bDiscord group: §fwww.nickuc.com/discord
[2026/08/31 03:58:30]:   §bDocumentation: §fdocs.nickuc.com/nlogin/
[2026/08/31 03:58:30]:   §bEmail: §fsupport@nickuc.com
[2026/08/31 03:58:30]:   §bYouTube: §fyoutube.com/nickuc
[2026/08/31 03:58:30]: 
[2026/08/31 03:58:30]:  §eTo remove this warning, log in with "nlogin.admin" permission on the server
[2026/08/31 03:58:30]:  §eand click the "Setup plugin" button to configure your plugin.
[2026/08/31 03:58:30]: 
[2026/08/31 03:58:53]: §3[nLogin] [DEBUG] [SQLite] [UPDATE]: "UPDATE `nlogin` SET `last_name` = 'DoctorrMomo', `unique_id` = 1761bae3efb93a39b93a4b2fed96d855,  `mojang_id` = null,  `bedrock_id` = null,  `password` = '$2a$10$xS2ILb3eetTGPuw3bXCF1.BnZdCXddXp.TczC14hOnPpnMu2yoc52', `last_ip` = '0:0:0:0:0:0:0:1', `creation_date` = 2026-05-22 10:14:53.931, `last_seen` = 2026-08-31 03:58:53.562, `email` = null, `discord` = null, `settings` = '{"settings":[{"value":"survival","key":"last-server"},{"value":"en","key":"language"}],"version":0}' WHERE `ai` = 4" (applied to [last_ip, last_seen, settings] columns)
[2026/08/31 03:58:53]: [nLogin] The user DoctorrMomo has successfully logged in.
[2026/08/31 03:58:55]: §3[nLogin] [DEBUG] [SQLite] [UPDATE]: "UPDATE `nlogin` SET `last_name` = 'Syntaxsavy', `unique_id` = aa232e413abb3d708075301c7e809f31,  `mojang_id` = null,  `bedrock_id` = null,  `password` = '$2a$10$.ljYOee/FJ43P4ki0DC4Ruya8j2EqpY5NrBAxmn5Rubce.lktv4a6', `last_ip` = '0:0:0:0:0:0:0:1', `creation_date` = 2026-05-23 12:18:00.346, `last_seen` = 2026-08-31 03:58:55.362, `email` = null, `discord` = null, `settings` = '{"settings":[{"value":"survival","key":"last-server"},{"value":"en","key":"language"}],"version":0}' WHERE `ai` = 5" (applied to [last_ip, last_seen, settings] columns)
[2026/08/31 03:58:55]: [nLogin] The user Syntaxsavy has successfully logged in.
[2026/08/31 03:59:00]: §3[nLogin] [DEBUG] [SQLite] [UPDATE]: "UPDATE `nlogin` SET `last_name` = 'DoctorrMomo', `unique_id` = 1761bae3efb93a39b93a4b2fed96d855,  `mojang_id` = null,  `bedrock_id` = null,  `password` = '$2a$10$xS2ILb3eetTGPuw3bXCF1.BnZdCXddXp.TczC14hOnPpnMu2yoc52', `last_ip` = '0:0:0:0:0:0:0:1', `creation_date` = 2026-05-22 10:14:53.931, `last_seen` = 2026-08-31 03:58:59.964, `email` = null, `discord` = null, `settings` = '{"settings":[{"value":"auth","key":"last-server"},{"value":"en","key":"language"}],"version":0}' WHERE `ai` = 4" (applied to [last_seen, settings] columns)
[2026/08/31 03:59:08]: §3[nLogin] [DEBUG] [SQLite] [UPDATE]: "UPDATE `nlogin` SET `last_name` = 'DoctorrMomo', `unique_id` = 1761bae3efb93a39b93a4b2fed96d855,  `mojang_id` = null,  `bedrock_id` = null,  `password` = '$2a$10$xS2ILb3eetTGPuw3bXCF1.BnZdCXddXp.TczC14hOnPpnMu2yoc52', `last_ip` = '0:0:0:0:0:0:0:1', `creation_date` = 2026-05-22 10:14:53.931, `last_seen` = 2026-08-31 03:59:07.979, `email` = null, `discord` = null, `settings` = '{"settings":[{"value":"auth","key":"last-server"},{"value":"en","key":"language"}],"version":0}' WHERE `ai` = 4" (applied to [last_ip, last_seen, settings] columns)
[2026/08/31 03:59:08]: [nLogin] The user DoctorrMomo has successfully logged in.
[2026/08/31 03:59:21]: §3[nLogin] [DEBUG] [SQLite] [UPDATE]: "UPDATE `nlogin` SET `last_name` = 'DoctorrMomo', `unique_id` = 1761bae3efb93a39b93a4b2fed96d855,  `mojang_id` = null,  `bedrock_id` = null,  `password` = '$2a$10$xS2ILb3eetTGPuw3bXCF1.BnZdCXddXp.TczC14hOnPpnMu2yoc52', `last_ip` = '0:0:0:0:0:0:0:1', `creation_date` = 2026-05-22 10:14:53.931, `last_seen` = 2026-08-31 03:59:20.972, `email` = null, `discord` = null, `settings` = '{"settings":[{"value":"auth","key":"last-server"},{"value":"en","key":"language"}],"version":0}' WHERE `ai` = 4" (applied to [last_seen, settings] columns)
[2026/08/31 03:59:28]: §3[nLogin] [DEBUG] [SQLite] [UPDATE]: "UPDATE `nlogin` SET `last_name` = 'DoctorrMomo', `unique_id` = 1761bae3efb93a39b93a4b2fed96d855,  `mojang_id` = null,  `bedrock_id` = null,  `password` = '$2a$10$xS2ILb3eetTGPuw3bXCF1.BnZdCXddXp.TczC14hOnPpnMu2yoc52', `last_ip` = '0:0:0:0:0:0:0:1', `creation_date` = 2026-05-22 10:14:53.931, `last_seen` = 2026-08-31 03:59:28.717, `email` = null, `discord` = null, `settings` = '{"settings":[{"value":"auth","key":"last-server"},{"value":"en","key":"language"}],"version":0}' WHERE `ai` = 4" (applied to [last_ip, last_seen, settings] columns)
[2026/08/31 03:59:28]: [nLogin] The user DoctorrMomo has successfully logged in.
[2026/08/31 04:00:02]: §3[nLogin] [DEBUG] [SQLite] [UPDATE]: "UPDATE `nlogin` SET `last_name` = 'DoctorrMomo', `unique_id` = 1761bae3efb93a39b93a4b2fed96d855,  `mojang_id` = null,  `bedrock_id` = null,  `password` = '$2a$10$xS2ILb3eetTGPuw3bXCF1.BnZdCXddXp.TczC14hOnPpnMu2yoc52', `last_ip` = '0:0:0:0:0:0:0:1', `creation_date` = 2026-05-22 10:14:53.931, `last_seen` = 2026-08-31 04:00:02.843, `email` = null, `discord` = null, `settings` = '{"settings":[{"value":"survival","key":"last-server"},{"value":"en","key":"language"}],"version":0}' WHERE `ai` = 4" (applied to [last_seen, settings] columns)
[2026/08/31 04:00:11]: §3[nLogin] [DEBUG] [SQLite] [UPDATE]: "UPDATE `nlogin` SET `last_name` = 'DoctorrMomo', `unique_id` = 1761bae3efb93a39b93a4b2fed96d855,  `mojang_id` = null,  `bedrock_id` = null,  `password` = '$2a$10$xS2ILb3eetTGPuw3bXCF1.BnZdCXddXp.TczC14hOnPpnMu2yoc52', `last_ip` = '0:0:0:0:0:0:0:1', `creation_date` = 2026-05-22 10:14:53.931, `last_seen` = 2026-08-31 04:00:11.217, `email` = null, `discord` = null, `settings` = '{"settings":[{"value":"survival","key":"last-server"},{"value":"en","key":"language"}],"version":0}' WHERE `ai` = 4" (applied to [last_ip, last_seen, settings] columns)
[2026/08/31 04:00:11]: [nLogin] The user DoctorrMomo has successfully logged in.
[2026/08/31 04:04:50]: §3[nLogin] [DEBUG] [SQLite] [UPDATE]: "UPDATE `nlogin` SET `last_name` = 'ItzSammer', `unique_id` = a130978d5803371dab29c8f6ed7849bb,  `mojang_id` = null,  `bedrock_id` = null,  `password` = '$2a$10$XIwyRFUSP4TifbVnoP92l.aNeR1tn2MZ3CEB3y25gvrjwIuPfVLIS', `last_ip` = '0:0:0:0:0:0:0:1', `creation_date` = 2026-05-22 08:12:06.495, `last_seen` = 2026-08-31 04:04:50.68, `email` = null, `discord` = null, `settings` = '{"settings":[{"value":"en","key":"language"},{"value":"survival","key":"last-server"}],"version":0}' WHERE `ai` = 3" (applied to [last_ip, last_seen, settings] columns)
[2026/08/31 04:04:50]: [nLogin] The user ItzSammer has successfully logged in.
[2026/08/31 04:05:24]: §3[nLogin] [DEBUG] [SQLite] [UPDATE]: "UPDATE `nlogin` SET `last_name` = 'ItzSammer', `unique_id` = a130978d5803371dab29c8f6ed7849bb,  `mojang_id` = null,  `bedrock_id` = null,  `password` = '$2a$10$XIwyRFUSP4TifbVnoP92l.aNeR1tn2MZ3CEB3y25gvrjwIuPfVLIS', `last_ip` = '0:0:0:0:0:0:0:1', `creation_date` = 2026-05-22 08:12:06.495, `last_seen` = 2026-08-31 04:05:24.035, `email` = null, `discord` = null, `settings` = '{"settings":[{"value":"en","key":"language"},{"value":"survival","key":"last-server"}],"version":0}' WHERE `ai` = 3" (applied to [last_seen, settings] columns)
[2026/08/31 04:05:53]: §3[nLogin] [DEBUG] [SQLite] [UPDATE]: "UPDATE `nlogin` SET `last_name` = 'ItzSammer', `unique_id` = a130978d5803371dab29c8f6ed7849bb,  `mojang_id` = null,  `bedrock_id` = null,  `password` = '$2a$10$XIwyRFUSP4TifbVnoP92l.aNeR1tn2MZ3CEB3y25gvrjwIuPfVLIS', `last_ip` = '0:0:0:0:0:0:0:1', `creation_date` = 2026-05-22 08:12:06.495, `last_seen` = 2026-08-31 04:05:53.786, `email` = null, `discord` = null, `settings` = '{"settings":[{"value":"en","key":"language"},{"value":"survival","key":"last-server"}],"version":0}' WHERE `ai` = 3" (applied to [last_ip, last_seen, settings] columns)
[2026/08/31 04:05:53]: [nLogin] The user ItzSammer has successfully logged in.
[2026/08/31 04:05:57]: §3[nLogin] [DEBUG] [SQLite] [UPDATE]: "UPDATE `nlogin` SET `last_name` = 'ItzSammer', `unique_id` = a130978d5803371dab29c8f6ed7849bb,  `mojang_id` = null,  `bedrock_id` = null,  `password` = '$2a$10$XIwyRFUSP4TifbVnoP92l.aNeR1tn2MZ3CEB3y25gvrjwIuPfVLIS', `last_ip` = '0:0:0:0:0:0:0:1', `creation_date` = 2026-05-22 08:12:06.495, `last_seen` = 2026-08-31 04:05:57.743, `email` = null, `discord` = null, `settings` = '{"settings":[{"value":"en","key":"language"},{"value":"survival","key":"last-server"}],"version":0}' WHERE `ai` = 3" (applied to [last_seen, settings] columns)
[2026/08/31 04:06:05]: §3[nLogin] [DEBUG] [SQLite] [UPDATE]: "UPDATE `nlogin` SET `last_name` = 'ItzSammer', `unique_id` = a130978d5803371dab29c8f6ed7849bb,  `mojang_id` = null,  `bedrock_id` = null,  `password` = '$2a$10$XIwyRFUSP4TifbVnoP92l.aNeR1tn2MZ3CEB3y25gvrjwIuPfVLIS', `last_ip` = '0:0:0:0:0:0:0:1', `creation_date` = 2026-05-22 08:12:06.495, `last_seen` = 2026-08-31 04:06:05.478, `email` = null, `discord` = null, `settings` = '{"settings":[{"value":"en","key":"language"},{"value":"survival","key":"last-server"}],"version":0}' WHERE `ai` = 3" (applied to [last_ip, last_seen, settings] columns)
[2026/08/31 04:06:05]: [nLogin] The user ItzSammer has successfully logged in.
[2026/08/31 04:16:55]: §3[nLogin] [DEBUG] [SQLite] [UPDATE]: "UPDATE `nlogin` SET `last_name` = 'DoctorrMomo', `unique_id` = 1761bae3efb93a39b93a4b2fed96d855,  `mojang_id` = null,  `bedrock_id` = null,  `password` = '$2a$10$xS2ILb3eetTGPuw3bXCF1.BnZdCXddXp.TczC14hOnPpnMu2yoc52', `last_ip` = '0:0:0:0:0:0:0:1', `creation_date` = 2026-05-22 10:14:53.931, `last_seen` = 2026-08-31 04:16:55.029, `email` = null, `discord` = null, `settings` = '{"settings":[{"value":"survival","key":"last-server"},{"value":"en","key":"language"}],"version":0}' WHERE `ai` = 4" (applied to [last_seen, settings] columns)
[2026/08/31 04:16:56]: §3[nLogin] [DEBUG] [SQLite] [UPDATE]: "UPDATE `nlogin` SET `last_name` = 'Syntaxsavy', `unique_id` = aa232e413abb3d708075301c7e809f31,  `mojang_id` = null,  `bedrock_id` = null,  `password` = '$2a$10$.ljYOee/FJ43P4ki0DC4Ruya8j2EqpY5NrBAxmn5Rubce.lktv4a6', `last_ip` = '0:0:0:0:0:0:0:1', `creation_date` = 2026-05-23 12:18:00.346, `last_seen` = 2026-08-31 04:16:56.09, `email` = null, `discord` = null, `settings` = '{"settings":[{"value":"survival","key":"last-server"},{"value":"en","key":"language"}],"version":0}' WHERE `ai` = 5" (applied to [last_seen, settings] columns)
[2026/08/31 04:16:58]: §3[nLogin] [DEBUG] [SQLite] [UPDATE]: "UPDATE `nlogin` SET `last_name` = 'ItzSammer', `unique_id` = a130978d5803371dab29c8f6ed7849bb,  `mojang_id` = null,  `bedrock_id` = null,  `password` = '$2a$10$XIwyRFUSP4TifbVnoP92l.aNeR1tn2MZ3CEB3y25gvrjwIuPfVLIS', `last_ip` = '0:0:0:0:0:0:0:1', `creation_date` = 2026-05-22 08:12:06.495, `last_seen` = 2026-08-31 04:16:58.849, `email` = null, `discord` = null, `settings` = '{"settings":[{"value":"en","key":"language"},{"value":"survival","key":"last-server"}],"version":0}' WHERE `ai` = 3" (applied to [last_seen, settings] columns)
[2026/08/31 04:26:13]: §3[nLogin] [DEBUG] [SQLite] [UPDATE]: "UPDATE `nlogin` SET `last_name` = 'ItzSammer', `unique_id` = a130978d5803371dab29c8f6ed7849bb,  `mojang_id` = null,  `bedrock_id` = null,  `password` = '$2a$10$XIwyRFUSP4TifbVnoP92l.aNeR1tn2MZ3CEB3y25gvrjwIuPfVLIS', `last_ip` = '0:0:0:0:0:0:0:1', `creation_date` = 2026-05-22 08:12:06.495, `last_seen` = 2026-08-31 04:26:13.925, `email` = null, `discord` = null, `settings` = '{"settings":[{"value":"en","key":"language"},{"value":"survival","key":"last-server"}],"version":0}' WHERE `ai` = 3" (applied to [last_ip, last_seen, settings] columns)
[2026/08/31 04:26:13]: [nLogin] The user ItzSammer has successfully logged in.
[2026/08/31 04:26:48]: §3[nLogin] [DEBUG] [SQLite] [UPDATE]: "UPDATE `nlogin` SET `last_name` = 'ItzSammer', `unique_id` = a130978d5803371dab29c8f6ed7849bb,  `mojang_id` = null,  `bedrock_id` = null,  `password` = '$2a$10$XIwyRFUSP4TifbVnoP92l.aNeR1tn2MZ3CEB3y25gvrjwIuPfVLIS', `last_ip` = '0:0:0:0:0:0:0:1', `creation_date` = 2026-05-22 08:12:06.495, `last_seen` = 2026-08-31 04:26:48.968, `email` = null, `discord` = null, `settings` = '{"settings":[{"value":"en","key":"language"},{"value":"survival","key":"last-server"}],"version":0}' WHERE `ai` = 3" (applied to [last_seen, settings] columns)
[2026/08/31 04:29:07]: §3[nLogin] [DEBUG] [SQLite] [UPDATE]: "UPDATE `nlogin` SET `last_name` = 'silverstone2328', `unique_id` = 976f3612e2303e3e8654e0f7e10140ca,  `mojang_id` = null,  `bedrock_id` = null,  `password` = '$2a$10$ZsseWbgMCdK9yqYpA.Yw9u0qVQlmz465MrCeNjIdqDZ7X.zO/lwmC', `last_ip` = '0:0:0:0:0:0:0:1', `creation_date` = 2026-06-12 02:03:25.176, `last_seen` = 2026-08-31 04:29:07.944, `email` = null, `discord` = null, `settings` = '{"settings":[{"value":"survival","key":"last-server"},{"value":"en","key":"language"}],"version":0}' WHERE `ai` = 10" (applied to [last_ip, last_seen, settings] columns)
[2026/08/31 04:29:07]: [nLogin] The user silverstone2328 has successfully logged in.
[2026/08/31 04:31:33]: §3[nLogin] [DEBUG] The ItzSammer (0:0:0:0:0:0:0:1) player entered an incorrect password
[2026/08/31 04:31:44]: §3[nLogin] [DEBUG] [SQLite] [UPDATE]: "UPDATE `nlogin` SET `last_name` = 'ItzSammer', `unique_id` = a130978d5803371dab29c8f6ed7849bb,  `mojang_id` = null,  `bedrock_id` = null,  `password` = '$2a$10$XIwyRFUSP4TifbVnoP92l.aNeR1tn2MZ3CEB3y25gvrjwIuPfVLIS', `last_ip` = '0:0:0:0:0:0:0:1', `creation_date` = 2026-05-22 08:12:06.495, `last_seen` = 2026-08-31 04:31:44.347, `email` = null, `discord` = null, `settings` = '{"settings":[{"value":"en","key":"language"},{"value":"survival","key":"last-server"}],"version":0}' WHERE `ai` = 3" (applied to [last_ip, last_seen, settings] columns)
[2026/08/31 04:31:44]: [nLogin] The user ItzSammer has successfully logged in.
[2026/08/31 04:40:35]: §3[nLogin] [DEBUG] [SQLite] [UPDATE]: "UPDATE `nlogin` SET `last_name` = 'ItzSammer', `unique_id` = a130978d5803371dab29c8f6ed7849bb,  `mojang_id` = null,  `bedrock_id` = null,  `password` = '$2a$10$XIwyRFUSP4TifbVnoP92l.aNeR1tn2MZ3CEB3y25gvrjwIuPfVLIS', `last_ip` = '0:0:0:0:0:0:0:1', `creation_date` = 2026-05-22 08:12:06.495, `last_seen` = 2026-08-31 04:40:35.865, `email` = null, `discord` = null, `settings` = '{"settings":[{"value":"en","key":"language"},{"value":"survival","key":"last-server"}],"version":0}' WHERE `ai` = 3" (applied to [last_seen, settings] columns)
[2026/08/31 04:53:47]: §3[nLogin] [DEBUG] The ItzSammer (0:0:0:0:0:0:0:1) player entered an incorrect password
[2026/08/31 04:53:57]: §3[nLogin] [DEBUG] The ItzSammer (0:0:0:0:0:0:0:1) player entered an incorrect password
[2026/08/31 04:54:06]: §3[nLogin] [DEBUG] [SQLite] [UPDATE]: "UPDATE `nlogin` SET `last_name` = 'ItzSammer', `unique_id` = a130978d5803371dab29c8f6ed7849bb,  `mojang_id` = null,  `bedrock_id` = null,  `password` = '$2a$10$XIwyRFUSP4TifbVnoP92l.aNeR1tn2MZ3CEB3y25gvrjwIuPfVLIS', `last_ip` = '0:0:0:0:0:0:0:1', `creation_date` = 2026-05-22 08:12:06.495, `last_seen` = 2026-08-31 04:54:06.902, `email` = null, `discord` = null, `settings` = '{"settings":[{"value":"en","key":"language"},{"value":"survival","key":"last-server"}],"version":0}' WHERE `ai` = 3" (applied to [last_ip, last_seen, settings] columns)
[2026/08/31 04:54:06]: [nLogin] The user ItzSammer has successfully logged in.
[2026/08/31 05:14:38]: §3[nLogin] [DEBUG] [SQLite] [UPDATE]: "UPDATE `nlogin` SET `last_name` = 'silverstone2328', `unique_id` = 976f3612e2303e3e8654e0f7e10140ca,  `mojang_id` = null,  `bedrock_id` = null,  `password` = '$2a$10$ZsseWbgMCdK9yqYpA.Yw9u0qVQlmz465MrCeNjIdqDZ7X.zO/lwmC', `last_ip` = '0:0:0:0:0:0:0:1', `creation_date` = 2026-06-12 02:03:25.176, `last_seen` = 2026-08-31 05:14:38.172, `email` = null, `discord` = null, `settings` = '{"settings":[{"value":"survival","key":"last-server"},{"value":"en","key":"language"}],"version":0}' WHERE `ai` = 10" (applied to [last_seen, settings] columns)
[2026/08/31 05:14:40]: §3[nLogin] [DEBUG] [SQLite] [UPDATE]: "UPDATE `nlogin` SET `last_name` = 'ItzSammer', `unique_id` = a130978d5803371dab29c8f6ed7849bb,  `mojang_id` = null,  `bedrock_id` = null,  `password` = '$2a$10$XIwyRFUSP4TifbVnoP92l.aNeR1tn2MZ3CEB3y25gvrjwIuPfVLIS', `last_ip` = '0:0:0:0:0:0:0:1', `creation_date` = 2026-05-22 08:12:06.495, `last_seen` = 2026-08-31 05:14:39.996, `email` = null, `discord` = null, `settings` = '{"settings":[{"value":"en","key":"language"},{"value":"survival","key":"last-server"}],"version":0}' WHERE `ai` = 3" (applied to [last_seen, settings] columns)
