[2026/07/23 11:05:12]: §9          __             _       
[2026/07/23 11:05:12]: §9  _ __   / /  ___   __ _(_)_ __  
[2026/07/23 11:05:12]: §9 | '_ \ / /  / _ \ / _` | | '_ \ 
[2026/07/23 11:05:12]: §9 | | | / /__| (_) | (_| | | | | |
[2026/07/23 11:05:12]: §9 |_| |_\____/\___/ \__, |_|_| |_|
[2026/07/23 11:05:12]: §9                  |___/            
[2026/07/23 11:05:12]: §9 By: www.nickuc.com - V 10.4.27
[2026/07/23 11:05:12]: §9 
[2026/07/23 11:05:13]: §3[nLogin] [DEBUG] All settings were loaded in 786 ms.
[2026/07/23 11:05:13]: §3[nLogin] [DEBUG] Loading the messages_en.yml message file...
[2026/07/23 11:05:13]: §3[nLogin] [DEBUG] All plugin messages were loaded in 421 ms (languageByClient=false).
[2026/07/23 11:05:13]: §3[nLogin] [DEBUG] All proxy settings were loaded in 51 ms.
[2026/07/23 11:05:13]: §3[nLogin] [DEBUG] Loading database...
[2026/07/23 11:05:14]: §3[nLogin] [DEBUG] Starting logger filter...
[2026/07/23 11:05:19]: 
[2026/07/23 11:05:19]:  §bThank you so much for choosing nLogin! §4<3
[2026/07/23 11:05:19]: 
[2026/07/23 11:05:19]:  §4For your safety, please read the message below:
[2026/07/23 11:05:19]:   §cNever download nLogin from unknown sources.
[2026/07/23 11:05:19]:   §cA modified version may contain malicious software.
[2026/07/23 11:05:19]: 
[2026/07/23 11:05:19]:  §3Trusted sources:
[2026/07/23 11:05:19]:   §bwww.nickuc.com
[2026/07/23 11:05:19]:   §bwww.github.com/nickuc
[2026/07/23 11:05:19]:   §bOpeNLogin installer (from Spigot or GitHub)
[2026/07/23 11:05:19]: 
[2026/07/23 11:05:19]:  §3Official support channels:
[2026/07/23 11:05:19]:   §bDiscord group: §fwww.nickuc.com/discord
[2026/07/23 11:05:19]:   §bDocumentation: §fdocs.nickuc.com/nlogin/
[2026/07/23 11:05:19]:   §bEmail: §fsupport@nickuc.com
[2026/07/23 11:05:19]:   §bYouTube: §fyoutube.com/nickuc
[2026/07/23 11:05:19]: 
[2026/07/23 11:05:19]:  §eTo remove this warning, log in with "nlogin.admin" permission on the server
[2026/07/23 11:05:19]:  §eand click the "Setup plugin" button to configure your plugin.
[2026/07/23 11:05:19]: 
[2026/07/23 11:06:40]: [nLogin] Successful plugin core shutdown (took 0.01s)
