[2026/09/02 11:29:17]: §9          __             _       
[2026/09/02 11:29:17]: §9  _ __   / /  ___   __ _(_)_ __  
[2026/09/02 11:29:17]: §9 | '_ \ / /  / _ \ / _` | | '_ \ 
[2026/09/02 11:29:17]: §9 | | | / /__| (_) | (_| | | | | |
[2026/09/02 11:29:17]: §9 |_| |_\____/\___/ \__, |_|_| |_|
[2026/09/02 11:29:17]: §9                  |___/            
[2026/09/02 11:29:17]: §9 By: www.nickuc.com - V 10.4.27
[2026/09/02 11:29:17]: §9 
[2026/09/02 11:29:19]: §3[nLogin] [DEBUG] All settings were loaded in 1038 ms.
[2026/09/02 11:29:19]: §3[nLogin] [DEBUG] Loading the messages_en.yml message file...
[2026/09/02 11:29:19]: §3[nLogin] [DEBUG] All plugin messages were loaded in 133 ms (languageByClient=false).
[2026/09/02 11:29:19]: §3[nLogin] [DEBUG] All proxy settings were loaded in 129 ms.
[2026/09/02 11:29:19]: §3[nLogin] [DEBUG] Loading database...
[2026/09/02 11:29:20]: §3[nLogin] [DEBUG] Starting logger filter...
[2026/09/02 11:29:25]: 
[2026/09/02 11:29:25]:  §bThank you so much for choosing nLogin! §4<3
[2026/09/02 11:29:25]: 
[2026/09/02 11:29:25]:  §4For your safety, please read the message below:
[2026/09/02 11:29:25]:   §cNever download nLogin from unknown sources.
[2026/09/02 11:29:25]:   §cA modified version may contain malicious software.
[2026/09/02 11:29:25]: 
[2026/09/02 11:29:25]:  §3Trusted sources:
[2026/09/02 11:29:25]:   §bwww.nickuc.com
[2026/09/02 11:29:25]:   §bwww.github.com/nickuc
[2026/09/02 11:29:25]:   §bOpeNLogin installer (from Spigot or GitHub)
[2026/09/02 11:29:25]: 
[2026/09/02 11:29:25]:  §3Official support channels:
[2026/09/02 11:29:25]:   §bDiscord group: §fwww.nickuc.com/discord
[2026/09/02 11:29:25]:   §bDocumentation: §fdocs.nickuc.com/nlogin/
[2026/09/02 11:29:25]:   §bEmail: §fsupport@nickuc.com
[2026/09/02 11:29:25]:   §bYouTube: §fyoutube.com/nickuc
[2026/09/02 11:29:25]: 
[2026/09/02 11:29:25]:  §eTo remove this warning, log in with "nlogin.admin" permission on the server
[2026/09/02 11:29:25]:  §eand click the "Setup plugin" button to configure your plugin.
[2026/09/02 11:29:25]: 
[2026/09/02 11:29:46]: §3[nLogin] [DEBUG] [SQLite] [UPDATE]: "UPDATE `nlogin` SET `last_name` = 'ItzSammer', `unique_id` = a130978d5803371dab29c8f6ed7849bb,  `mojang_id` = null,  `bedrock_id` = null,  `password` = '$2a$10$nG.JcQY95J//aeNnImI3He/cX9qsiKgJVCm4.Ex3Wsfh/R/k/GZES', `last_ip` = '0:0:0:0:0:0:0:1', `creation_date` = 2026-05-22 08:12:06.495, `last_seen` = 2026-09-02 11:29:46.881, `email` = null, `discord` = null, `settings` = '{"settings":[{"value":"en","key":"language"},{"value":"survival","key":"last-server"}],"version":0}' WHERE `ai` = 3" (applied to [last_ip, last_seen, settings] columns)
[2026/09/02 11:29:46]: [nLogin] The user ItzSammer has successfully logged in.
[2026/09/02 11:34:09]: §3[nLogin] [DEBUG] [SQLite] [UPDATE]: "UPDATE `nlogin` SET `last_name` = 'ItzSammer', `unique_id` = a130978d5803371dab29c8f6ed7849bb,  `mojang_id` = null,  `bedrock_id` = null,  `password` = '$2a$10$nG.JcQY95J//aeNnImI3He/cX9qsiKgJVCm4.Ex3Wsfh/R/k/GZES', `last_ip` = '0:0:0:0:0:0:0:1', `creation_date` = 2026-05-22 08:12:06.495, `last_seen` = 2026-09-02 11:34:09.224, `email` = null, `discord` = null, `settings` = '{"settings":[{"value":"en","key":"language"},{"value":"survival","key":"last-server"}],"version":0}' WHERE `ai` = 3" (applied to [last_seen, settings] columns)
[2026/09/02 11:38:19]: §3[nLogin] [DEBUG] [SQLite] [UPDATE]: "UPDATE `nlogin` SET `last_name` = 'ItzSammer', `unique_id` = a130978d5803371dab29c8f6ed7849bb,  `mojang_id` = null,  `bedrock_id` = null,  `password` = '$2a$10$nG.JcQY95J//aeNnImI3He/cX9qsiKgJVCm4.Ex3Wsfh/R/k/GZES', `last_ip` = '0:0:0:0:0:0:0:1', `creation_date` = 2026-05-22 08:12:06.495, `last_seen` = 2026-09-02 11:38:19.158, `email` = null, `discord` = null, `settings` = '{"settings":[{"value":"en","key":"language"},{"value":"survival","key":"last-server"}],"version":0}' WHERE `ai` = 3" (applied to [last_ip, last_seen, settings] columns)
[2026/09/02 11:38:19]: [nLogin] The user ItzSammer has successfully logged in.
[2026/09/02 11:42:15]: §3[nLogin] [DEBUG] [SQLite] [UPDATE]: "UPDATE `nlogin` SET `last_name` = 'ItzSammer', `unique_id` = a130978d5803371dab29c8f6ed7849bb,  `mojang_id` = null,  `bedrock_id` = null,  `password` = '$2a$10$nG.JcQY95J//aeNnImI3He/cX9qsiKgJVCm4.Ex3Wsfh/R/k/GZES', `last_ip` = '0:0:0:0:0:0:0:1', `creation_date` = 2026-05-22 08:12:06.495, `last_seen` = 2026-09-02 11:42:15.704, `email` = null, `discord` = null, `settings` = '{"settings":[{"value":"en","key":"language"},{"value":"survival","key":"last-server"}],"version":0}' WHERE `ai` = 3" (applied to [last_seen, settings] columns)
[2026/09/02 11:53:37]: §3[nLogin] [DEBUG] The ItzSammer (0:0:0:0:0:0:0:1) player entered an incorrect password
[2026/09/02 11:53:44]: §3[nLogin] [DEBUG] [SQLite] [UPDATE]: "UPDATE `nlogin` SET `last_name` = 'ItzSammer', `unique_id` = a130978d5803371dab29c8f6ed7849bb,  `mojang_id` = null,  `bedrock_id` = null,  `password` = '$2a$10$nG.JcQY95J//aeNnImI3He/cX9qsiKgJVCm4.Ex3Wsfh/R/k/GZES', `last_ip` = '0:0:0:0:0:0:0:1', `creation_date` = 2026-05-22 08:12:06.495, `last_seen` = 2026-09-02 11:53:44.031, `email` = null, `discord` = null, `settings` = '{"settings":[{"value":"en","key":"language"},{"value":"survival","key":"last-server"}],"version":0}' WHERE `ai` = 3" (applied to [last_ip, last_seen, settings] columns)
[2026/09/02 11:53:44]: [nLogin] The user ItzSammer has successfully logged in.
[2026/09/02 11:59:31]: §3[nLogin] [DEBUG] [SQLite] [UPDATE]: "UPDATE `nlogin` SET `last_name` = 'ItzSammer', `unique_id` = a130978d5803371dab29c8f6ed7849bb,  `mojang_id` = null,  `bedrock_id` = null,  `password` = '$2a$10$nG.JcQY95J//aeNnImI3He/cX9qsiKgJVCm4.Ex3Wsfh/R/k/GZES', `last_ip` = '0:0:0:0:0:0:0:1', `creation_date` = 2026-05-22 08:12:06.495, `last_seen` = 2026-09-02 11:59:31.805, `email` = null, `discord` = null, `settings` = '{"settings":[{"value":"en","key":"language"},{"value":"survival","key":"last-server"}],"version":0}' WHERE `ai` = 3" (applied to [last_seen, settings] columns)
[2026/09/02 12:01:00]: §3[nLogin] [DEBUG] [SQLite] [UPDATE]: "UPDATE `nlogin` SET `last_name` = 'ItzSammer', `unique_id` = a130978d5803371dab29c8f6ed7849bb,  `mojang_id` = null,  `bedrock_id` = null,  `password` = '$2a$10$nG.JcQY95J//aeNnImI3He/cX9qsiKgJVCm4.Ex3Wsfh/R/k/GZES', `last_ip` = '0:0:0:0:0:0:0:1', `creation_date` = 2026-05-22 08:12:06.495, `last_seen` = 2026-09-02 12:01:00.706, `email` = null, `discord` = null, `settings` = '{"settings":[{"value":"en","key":"language"},{"value":"survival","key":"last-server"}],"version":0}' WHERE `ai` = 3" (applied to [last_ip, last_seen, settings] columns)
[2026/09/02 12:01:00]: [nLogin] The user ItzSammer has successfully logged in.
[2026/09/02 12:07:57]: §3[nLogin] [DEBUG] [SQLite] [UPDATE]: "UPDATE `nlogin` SET `last_name` = 'ItzSammer', `unique_id` = a130978d5803371dab29c8f6ed7849bb,  `mojang_id` = null,  `bedrock_id` = null,  `password` = '$2a$10$nG.JcQY95J//aeNnImI3He/cX9qsiKgJVCm4.Ex3Wsfh/R/k/GZES', `last_ip` = '0:0:0:0:0:0:0:1', `creation_date` = 2026-05-22 08:12:06.495, `last_seen` = 2026-09-02 12:07:57.173, `email` = null, `discord` = null, `settings` = '{"settings":[{"value":"en","key":"language"},{"value":"survival","key":"last-server"}],"version":0}' WHERE `ai` = 3" (applied to [last_seen, settings] columns)
[2026/09/02 12:08:56]: §3[nLogin] [DEBUG] [SQLite] [UPDATE]: "UPDATE `nlogin` SET `last_name` = 'ItzSammer', `unique_id` = a130978d5803371dab29c8f6ed7849bb,  `mojang_id` = null,  `bedrock_id` = null,  `password` = '$2a$10$nG.JcQY95J//aeNnImI3He/cX9qsiKgJVCm4.Ex3Wsfh/R/k/GZES', `last_ip` = '0:0:0:0:0:0:0:1', `creation_date` = 2026-05-22 08:12:06.495, `last_seen` = 2026-09-02 12:08:56.026, `email` = null, `discord` = null, `settings` = '{"settings":[{"value":"en","key":"language"},{"value":"survival","key":"last-server"}],"version":0}' WHERE `ai` = 3" (applied to [last_ip, last_seen, settings] columns)
[2026/09/02 12:08:56]: [nLogin] The user ItzSammer has successfully logged in.
[2026/09/02 12:09:53]: §3[nLogin] [DEBUG] [SQLite] [UPDATE]: "UPDATE `nlogin` SET `last_name` = 'ItzSammer', `unique_id` = a130978d5803371dab29c8f6ed7849bb,  `mojang_id` = null,  `bedrock_id` = null,  `password` = '$2a$10$nG.JcQY95J//aeNnImI3He/cX9qsiKgJVCm4.Ex3Wsfh/R/k/GZES', `last_ip` = '0:0:0:0:0:0:0:1', `creation_date` = 2026-05-22 08:12:06.495, `last_seen` = 2026-09-02 12:09:53.955, `email` = null, `discord` = null, `settings` = '{"settings":[{"value":"en","key":"language"},{"value":"auth","key":"last-server"}],"version":0}' WHERE `ai` = 3" (applied to [last_seen, settings] columns)
[2026/09/02 12:10:00]: §3[nLogin] [DEBUG] [SQLite] [UPDATE]: "UPDATE `nlogin` SET `last_name` = 'ItzSammer', `unique_id` = a130978d5803371dab29c8f6ed7849bb,  `mojang_id` = null,  `bedrock_id` = null,  `password` = '$2a$10$nG.JcQY95J//aeNnImI3He/cX9qsiKgJVCm4.Ex3Wsfh/R/k/GZES', `last_ip` = '0:0:0:0:0:0:0:1', `creation_date` = 2026-05-22 08:12:06.495, `last_seen` = 2026-09-02 12:10:00.52, `email` = null, `discord` = null, `settings` = '{"settings":[{"value":"en","key":"language"},{"value":"auth","key":"last-server"}],"version":0}' WHERE `ai` = 3" (applied to [last_ip, last_seen, settings] columns)
[2026/09/02 12:10:00]: [nLogin] The user ItzSammer has successfully logged in.
[2026/09/02 12:13:16]: §3[nLogin] [DEBUG] [SQLite] [UPDATE]: "UPDATE `nlogin` SET `last_name` = 'ItzSammer', `unique_id` = a130978d5803371dab29c8f6ed7849bb,  `mojang_id` = null,  `bedrock_id` = null,  `password` = '$2a$10$nG.JcQY95J//aeNnImI3He/cX9qsiKgJVCm4.Ex3Wsfh/R/k/GZES', `last_ip` = '0:0:0:0:0:0:0:1', `creation_date` = 2026-05-22 08:12:06.495, `last_seen` = 2026-09-02 12:13:16.581, `email` = null, `discord` = null, `settings` = '{"settings":[{"value":"en","key":"language"},{"value":"auth","key":"last-server"}],"version":0}' WHERE `ai` = 3" (applied to [last_seen, settings] columns)
[2026/09/02 12:23:31]: §3[nLogin] [DEBUG] [SQLite] [UPDATE]: "UPDATE `nlogin` SET `last_name` = 'ItzSammer', `unique_id` = a130978d5803371dab29c8f6ed7849bb,  `mojang_id` = null,  `bedrock_id` = null,  `password` = '$2a$10$nG.JcQY95J//aeNnImI3He/cX9qsiKgJVCm4.Ex3Wsfh/R/k/GZES', `last_ip` = '0:0:0:0:0:0:0:1', `creation_date` = 2026-05-22 08:12:06.495, `last_seen` = 2026-09-02 12:23:31.586, `email` = null, `discord` = null, `settings` = '{"settings":[{"value":"en","key":"language"},{"value":"auth","key":"last-server"}],"version":0}' WHERE `ai` = 3" (applied to [last_ip, last_seen, settings] columns)
[2026/09/02 12:23:31]: [nLogin] The user ItzSammer has successfully logged in.
[2026/09/02 12:34:09]: §3[nLogin] [DEBUG] [SQLite] [UPDATE]: "UPDATE `nlogin` SET `last_name` = 'ItzSammer', `unique_id` = a130978d5803371dab29c8f6ed7849bb,  `mojang_id` = null,  `bedrock_id` = null,  `password` = '$2a$10$nG.JcQY95J//aeNnImI3He/cX9qsiKgJVCm4.Ex3Wsfh/R/k/GZES', `last_ip` = '0:0:0:0:0:0:0:1', `creation_date` = 2026-05-22 08:12:06.495, `last_seen` = 2026-09-02 12:34:09.664, `email` = null, `discord` = null, `settings` = '{"settings":[{"value":"en","key":"language"},{"value":"survival","key":"last-server"}],"version":0}' WHERE `ai` = 3" (applied to [last_seen, settings] columns)
[2026/09/02 12:34:59]: §3[nLogin] [DEBUG] [SQLite] [UPDATE]: "UPDATE `nlogin` SET `last_name` = 'ItzSammer', `unique_id` = a130978d5803371dab29c8f6ed7849bb,  `mojang_id` = null,  `bedrock_id` = null,  `password` = '$2a$10$nG.JcQY95J//aeNnImI3He/cX9qsiKgJVCm4.Ex3Wsfh/R/k/GZES', `last_ip` = '0:0:0:0:0:0:0:1', `creation_date` = 2026-05-22 08:12:06.495, `last_seen` = 2026-09-02 12:34:59.979, `email` = null, `discord` = null, `settings` = '{"settings":[{"value":"en","key":"language"},{"value":"survival","key":"last-server"}],"version":0}' WHERE `ai` = 3" (applied to [last_ip, last_seen, settings] columns)
[2026/09/02 12:34:59]: [nLogin] The user ItzSammer has successfully logged in.
[2026/09/02 12:46:03]: §3[nLogin] [DEBUG] [SQLite] [UPDATE]: "UPDATE `nlogin` SET `last_name` = 'ItzSammer', `unique_id` = a130978d5803371dab29c8f6ed7849bb,  `mojang_id` = null,  `bedrock_id` = null,  `password` = '$2a$10$nG.JcQY95J//aeNnImI3He/cX9qsiKgJVCm4.Ex3Wsfh/R/k/GZES', `last_ip` = '0:0:0:0:0:0:0:1', `creation_date` = 2026-05-22 08:12:06.495, `last_seen` = 2026-09-02 12:46:03.061, `email` = null, `discord` = null, `settings` = '{"settings":[{"value":"en","key":"language"},{"value":"survival","key":"last-server"}],"version":0}' WHERE `ai` = 3" (applied to [last_seen, settings] columns)
[2026/09/02 13:12:46]: [nLogin] Successful plugin core shutdown (took 0.00s)
