[2026/08/21 03:59:58]: §9          __             _       
[2026/08/21 03:59:58]: §9  _ __   / /  ___   __ _(_)_ __  
[2026/08/21 03:59:58]: §9 | '_ \ / /  / _ \ / _` | | '_ \ 
[2026/08/21 03:59:58]: §9 | | | / /__| (_) | (_| | | | | |
[2026/08/21 03:59:58]: §9 |_| |_\____/\___/ \__, |_|_| |_|
[2026/08/21 03:59:58]: §9                  |___/            
[2026/08/21 03:59:58]: §9 By: www.nickuc.com - V 10.4.27
[2026/08/21 03:59:58]: §9 
[2026/08/21 03:59:58]: §3[nLogin] [DEBUG] All settings were loaded in 230 ms.
[2026/08/21 03:59:58]: §3[nLogin] [DEBUG] Loading the messages_en.yml message file...
[2026/08/21 03:59:58]: §3[nLogin] [DEBUG] All plugin messages were loaded in 105 ms (languageByClient=false).
[2026/08/21 03:59:58]: §3[nLogin] [DEBUG] All proxy settings were loaded in 26 ms.
[2026/08/21 03:59:58]: §3[nLogin] [DEBUG] Loading database...
[2026/08/21 03:59:58]: §3[nLogin] [DEBUG] Starting logger filter...
[2026/08/21 04:00:03]: 
[2026/08/21 04:00:03]:  §bThank you so much for choosing nLogin! §4<3
[2026/08/21 04:00:03]: 
[2026/08/21 04:00:03]:  §4For your safety, please read the message below:
[2026/08/21 04:00:03]:   §cNever download nLogin from unknown sources.
[2026/08/21 04:00:03]:   §cA modified version may contain malicious software.
[2026/08/21 04:00:03]: 
[2026/08/21 04:00:03]:  §3Trusted sources:
[2026/08/21 04:00:03]:   §bwww.nickuc.com
[2026/08/21 04:00:03]:   §bwww.github.com/nickuc
[2026/08/21 04:00:03]:   §bOpeNLogin installer (from Spigot or GitHub)
[2026/08/21 04:00:03]: 
[2026/08/21 04:00:03]:  §3Official support channels:
[2026/08/21 04:00:03]:   §bDiscord group: §fwww.nickuc.com/discord
[2026/08/21 04:00:03]:   §bDocumentation: §fdocs.nickuc.com/nlogin/
[2026/08/21 04:00:03]:   §bEmail: §fsupport@nickuc.com
[2026/08/21 04:00:03]:   §bYouTube: §fyoutube.com/nickuc
[2026/08/21 04:00:03]: 
[2026/08/21 04:00:03]:  §eTo remove this warning, log in with "nlogin.admin" permission on the server
[2026/08/21 04:00:03]:  §eand click the "Setup plugin" button to configure your plugin.
[2026/08/21 04:00:03]: 
[2026/08/21 04:00:53]: §3[nLogin] [DEBUG] [SQLite] [UPDATE]: "UPDATE `nlogin` SET `last_name` = 'ItzSammer', `unique_id` = a130978d5803371dab29c8f6ed7849bb,  `mojang_id` = null,  `bedrock_id` = null,  `password` = '$2a$10$XIwyRFUSP4TifbVnoP92l.aNeR1tn2MZ3CEB3y25gvrjwIuPfVLIS', `last_ip` = '0:0:0:0:0:0:0:1', `creation_date` = 2026-05-22 08:12:06.495, `last_seen` = 2026-08-21 04:00:53.501, `email` = null, `discord` = null, `settings` = '{"settings":[{"value":"en","key":"language"},{"value":"survival","key":"last-server"}],"version":0}' WHERE `ai` = 3" (applied to [last_ip, last_seen, settings] columns)
[2026/08/21 04:00:53]: [nLogin] The user ItzSammer has successfully logged in.
[2026/08/21 04:01:24]: §3[nLogin] [DEBUG] [SQLite] [UPDATE]: "UPDATE `nlogin` SET `last_name` = 'Syntaxsavy', `unique_id` = aa232e413abb3d708075301c7e809f31,  `mojang_id` = null,  `bedrock_id` = null,  `password` = '$2a$10$.ljYOee/FJ43P4ki0DC4Ruya8j2EqpY5NrBAxmn5Rubce.lktv4a6', `last_ip` = '0:0:0:0:0:0:0:1', `creation_date` = 2026-05-23 12:18:00.346, `last_seen` = 2026-08-21 04:01:24.02, `email` = null, `discord` = null, `settings` = '{"settings":[{"value":"survival","key":"last-server"},{"value":"en","key":"language"}],"version":0}' WHERE `ai` = 5" (applied to [last_ip, last_seen, settings] columns)
[2026/08/21 04:01:24]: [nLogin] The user Syntaxsavy has successfully logged in.
[2026/08/21 04:18:32]: §3[nLogin] [DEBUG] [SQLite] [UPDATE]: "UPDATE `nlogin` SET `last_name` = 'Syntaxsavy', `unique_id` = aa232e413abb3d708075301c7e809f31,  `mojang_id` = null,  `bedrock_id` = null,  `password` = '$2a$10$.ljYOee/FJ43P4ki0DC4Ruya8j2EqpY5NrBAxmn5Rubce.lktv4a6', `last_ip` = '0:0:0:0:0:0:0:1', `creation_date` = 2026-05-23 12:18:00.346, `last_seen` = 2026-08-21 04:18:32.326, `email` = null, `discord` = null, `settings` = '{"settings":[{"value":"survival","key":"last-server"},{"value":"en","key":"language"}],"version":0}' WHERE `ai` = 5" (applied to [last_seen, settings] columns)
[2026/08/21 04:18:37]: §3[nLogin] [DEBUG] [SQLite] [UPDATE]: "UPDATE `nlogin` SET `last_name` = 'ItzSammer', `unique_id` = a130978d5803371dab29c8f6ed7849bb,  `mojang_id` = null,  `bedrock_id` = null,  `password` = '$2a$10$XIwyRFUSP4TifbVnoP92l.aNeR1tn2MZ3CEB3y25gvrjwIuPfVLIS', `last_ip` = '0:0:0:0:0:0:0:1', `creation_date` = 2026-05-22 08:12:06.495, `last_seen` = 2026-08-21 04:18:37.418, `email` = null, `discord` = null, `settings` = '{"settings":[{"value":"en","key":"language"},{"value":"survival","key":"last-server"}],"version":0}' WHERE `ai` = 3" (applied to [last_seen, settings] columns)
