[2026/08/27 09:34:11]: §9          __             _       
[2026/08/27 09:34:11]: §9  _ __   / /  ___   __ _(_)_ __  
[2026/08/27 09:34:11]: §9 | '_ \ / /  / _ \ / _` | | '_ \ 
[2026/08/27 09:34:11]: §9 | | | / /__| (_) | (_| | | | | |
[2026/08/27 09:34:11]: §9 |_| |_\____/\___/ \__, |_|_| |_|
[2026/08/27 09:34:11]: §9                  |___/            
[2026/08/27 09:34:12]: §9 By: www.nickuc.com - V 10.4.27
[2026/08/27 09:34:12]: §9 
[2026/08/27 09:34:13]: §3[nLogin] [DEBUG] All settings were loaded in 783 ms.
[2026/08/27 09:34:13]: §3[nLogin] [DEBUG] Loading the messages_en.yml message file...
[2026/08/27 09:34:13]: §3[nLogin] [DEBUG] All plugin messages were loaded in 203 ms (languageByClient=false).
[2026/08/27 09:34:13]: §3[nLogin] [DEBUG] All proxy settings were loaded in 107 ms.
[2026/08/27 09:34:13]: §3[nLogin] [DEBUG] Loading database...
[2026/08/27 09:34:14]: §3[nLogin] [DEBUG] Starting logger filter...
[2026/08/27 09:34:19]: 
[2026/08/27 09:34:19]:  §bThank you so much for choosing nLogin! §4<3
[2026/08/27 09:34:19]: 
[2026/08/27 09:34:19]:  §4For your safety, please read the message below:
[2026/08/27 09:34:19]:   §cNever download nLogin from unknown sources.
[2026/08/27 09:34:19]:   §cA modified version may contain malicious software.
[2026/08/27 09:34:19]: 
[2026/08/27 09:34:19]:  §3Trusted sources:
[2026/08/27 09:34:19]:   §bwww.nickuc.com
[2026/08/27 09:34:19]:   §bwww.github.com/nickuc
[2026/08/27 09:34:19]:   §bOpeNLogin installer (from Spigot or GitHub)
[2026/08/27 09:34:19]: 
[2026/08/27 09:34:19]:  §3Official support channels:
[2026/08/27 09:34:19]:   §bDiscord group: §fwww.nickuc.com/discord
[2026/08/27 09:34:19]:   §bDocumentation: §fdocs.nickuc.com/nlogin/
[2026/08/27 09:34:19]:   §bEmail: §fsupport@nickuc.com
[2026/08/27 09:34:19]:   §bYouTube: §fyoutube.com/nickuc
[2026/08/27 09:34:19]: 
[2026/08/27 09:34:19]:  §eTo remove this warning, log in with "nlogin.admin" permission on the server
[2026/08/27 09:34:19]:  §eand click the "Setup plugin" button to configure your plugin.
[2026/08/27 09:34:19]: 
[2026/08/27 09:34:37]: §3[nLogin] [DEBUG] [SQLite] [UPDATE]: "UPDATE `nlogin` SET `last_name` = 'ItzSammer', `unique_id` = a130978d5803371dab29c8f6ed7849bb,  `mojang_id` = null,  `bedrock_id` = null,  `password` = '$2a$10$XIwyRFUSP4TifbVnoP92l.aNeR1tn2MZ3CEB3y25gvrjwIuPfVLIS', `last_ip` = '0:0:0:0:0:0:0:1', `creation_date` = 2026-05-22 08:12:06.495, `last_seen` = 2026-08-27 09:34:36.832, `email` = null, `discord` = null, `settings` = '{"settings":[{"value":"en","key":"language"},{"value":"survival","key":"last-server"}],"version":0}' WHERE `ai` = 3" (applied to [last_ip, last_seen, settings] columns)
[2026/08/27 09:34:37]: [nLogin] The user ItzSammer has successfully logged in.
[2026/08/27 09:36:13]: §3[nLogin] [DEBUG] [SQLite] [UPDATE]: "UPDATE `nlogin` SET `last_name` = 'DoctorrMomo', `unique_id` = 1761bae3efb93a39b93a4b2fed96d855,  `mojang_id` = null,  `bedrock_id` = null,  `password` = '$2a$10$xS2ILb3eetTGPuw3bXCF1.BnZdCXddXp.TczC14hOnPpnMu2yoc52', `last_ip` = '0:0:0:0:0:0:0:1', `creation_date` = 2026-05-22 10:14:53.931, `last_seen` = 2026-08-27 09:36:13.509, `email` = null, `discord` = null, `settings` = '{"settings":[{"value":"survival","key":"last-server"},{"value":"en","key":"language"}],"version":0}' WHERE `ai` = 4" (applied to [last_ip, last_seen, settings] columns)
[2026/08/27 09:36:13]: [nLogin] The user DoctorrMomo has successfully logged in.
[2026/08/27 10:00:04]: §3[nLogin] [DEBUG] [SQLite] [UPDATE]: "UPDATE `nlogin` SET `last_name` = 'ItzSammer', `unique_id` = a130978d5803371dab29c8f6ed7849bb,  `mojang_id` = null,  `bedrock_id` = null,  `password` = '$2a$10$XIwyRFUSP4TifbVnoP92l.aNeR1tn2MZ3CEB3y25gvrjwIuPfVLIS', `last_ip` = '0:0:0:0:0:0:0:1', `creation_date` = 2026-05-22 08:12:06.495, `last_seen` = 2026-08-27 10:00:04.916, `email` = null, `discord` = null, `settings` = '{"settings":[{"value":"en","key":"language"},{"value":"survival","key":"last-server"}],"version":0}' WHERE `ai` = 3" (applied to [last_seen, settings] columns)
[2026/08/27 10:00:12]: §3[nLogin] [DEBUG] [SQLite] [UPDATE]: "UPDATE `nlogin` SET `last_name` = 'ItzSammer', `unique_id` = a130978d5803371dab29c8f6ed7849bb,  `mojang_id` = null,  `bedrock_id` = null,  `password` = '$2a$10$XIwyRFUSP4TifbVnoP92l.aNeR1tn2MZ3CEB3y25gvrjwIuPfVLIS', `last_ip` = '0:0:0:0:0:0:0:1', `creation_date` = 2026-05-22 08:12:06.495, `last_seen` = 2026-08-27 10:00:12.863, `email` = null, `discord` = null, `settings` = '{"settings":[{"value":"en","key":"language"},{"value":"survival","key":"last-server"}],"version":0}' WHERE `ai` = 3" (applied to [last_ip, last_seen, settings] columns)
[2026/08/27 10:00:12]: [nLogin] The user ItzSammer has successfully logged in.
[2026/08/27 10:01:40]: §3[nLogin] [DEBUG] [SQLite] [UPDATE]: "UPDATE `nlogin` SET `last_name` = 'ItzSammer', `unique_id` = a130978d5803371dab29c8f6ed7849bb,  `mojang_id` = null,  `bedrock_id` = null,  `password` = '$2a$10$XIwyRFUSP4TifbVnoP92l.aNeR1tn2MZ3CEB3y25gvrjwIuPfVLIS', `last_ip` = '0:0:0:0:0:0:0:1', `creation_date` = 2026-05-22 08:12:06.495, `last_seen` = 2026-08-27 10:01:40.502, `email` = null, `discord` = null, `settings` = '{"settings":[{"value":"en","key":"language"},{"value":"survival","key":"last-server"}],"version":0}' WHERE `ai` = 3" (applied to [last_seen, settings] columns)
[2026/08/27 10:01:48]: §3[nLogin] [DEBUG] [SQLite] [UPDATE]: "UPDATE `nlogin` SET `last_name` = 'DoctorrMomo', `unique_id` = 1761bae3efb93a39b93a4b2fed96d855,  `mojang_id` = null,  `bedrock_id` = null,  `password` = '$2a$10$xS2ILb3eetTGPuw3bXCF1.BnZdCXddXp.TczC14hOnPpnMu2yoc52', `last_ip` = '0:0:0:0:0:0:0:1', `creation_date` = 2026-05-22 10:14:53.931, `last_seen` = 2026-08-27 10:01:48.629, `email` = null, `discord` = null, `settings` = '{"settings":[{"value":"survival","key":"last-server"},{"value":"en","key":"language"}],"version":0}' WHERE `ai` = 4" (applied to [last_seen, settings] columns)
[2026/08/27 10:06:26]: [nLogin] Successful plugin core shutdown (took 0.00s)
