[00:40:42] [main/INFO] [com.velocitypowered.proxy.VelocityServer]: Booting up Velocity 3.5.0-SNAPSHOT (git-9c0c9b02-b595)...
[00:40:43] [main/INFO] [com.velocitypowered.proxy.network.ConnectionManager]: Connections will use epoll channels, libdeflate (Linux x86_64) compression, OpenSSL 3.x.x (Linux x86_64) ciphers
[00:40:45] [main/WARN] [com.velocitypowered.proxy.config.VelocityConfiguration]: The proxy is running in offline mode! This is a security risk and you will NOT receive any support!
[00:40:47] [main/INFO] [com.velocitypowered.proxy.config.VelocityConfiguration]: Unable to load your server-icon.png, continuing without it.
java.lang.IllegalArgumentException: Image is not 64x64 (found 232x186)
	at com.google.common.base.Preconditions.checkArgument(Preconditions.java:301)
	at com.velocitypowered.api.util.Favicon.create(Favicon.java:82)
	at com.velocitypowered.api.util.Favicon.create(Favicon.java:107)
	at com.velocitypowered.proxy.config.VelocityConfiguration.loadFavicon(VelocityConfiguration.java:252)
	at com.velocitypowered.proxy.config.VelocityConfiguration.validate(VelocityConfiguration.java:243)
	at com.velocitypowered.proxy.VelocityServer.doStartupConfigLoad(VelocityServer.java:406)
	at com.velocitypowered.proxy.VelocityServer.start(VelocityServer.java:290)
	at com.velocitypowered.proxy.Velocity.main(Velocity.java:71)
[00:40:47] [main/INFO] [com.velocitypowered.proxy.VelocityServer]: Loading localizations...
[00:40:48] [main/INFO] [com.velocitypowered.proxy.VelocityServer]: Loading plugins...
[00:40:52] [main/ERROR] [com.velocitypowered.proxy.plugin.VelocityPluginManager]: Refusing to load plugin at path plugins/SkinsRestorer.jar since we already loaded a plugin with the same ID skinsrestorer from plugins/SkinsRestorer (1).jar
[00:40:54] [main/INFO] [com.velocitypowered.proxy.plugin.VelocityPluginManager]: Loaded plugin skinsrestorer 15.12.0 by knat, AlexProgrammerDE, Blackfire62, McLive
[00:40:55] [main/INFO] [eaglerxserver]: Loading EaglercraftXServer 1.1.0...
[00:40:55] [main/INFO] [eaglerxserver]: (Platform: Velocity)
[00:40:55] [main/INFO] [eaglerxserver]: Server Name: "EaglercraftXServer"
[00:40:56] [main/INFO] [com.velocitypowered.proxy.plugin.VelocityPluginManager]: Loaded plugin eaglerxserver 1.1.0 by lax1dude
[00:40:56] [main/INFO] [com.velocitypowered.proxy.plugin.VelocityPluginManager]: Loaded plugin eaglerweb 1.0.0 by lax1dude
[00:40:56] [main/INFO] [com.velocitypowered.proxy.plugin.VelocityPluginManager]: Loaded plugin eaglerxrewind-1-5 1.0.2 by lax1dude, ayunami2000
[00:40:58] [main/INFO] [com.velocitypowered.proxy.plugin.VelocityPluginManager]: Loaded plugin nlogin 10.4.27 by NickUC
[00:40:58] [main/INFO] [com.velocitypowered.proxy.VelocityServer]: Loaded 6 plugins
[00:41:01] [SkinsRestorer - Task Executor #0/WARN] [com.velocitypowered.proxy.network.ConnectionManager]: The server channel initializer has been replaced by java.base/jdk.internal.reflect.DirectMethodHandleAccessor.invoke(DirectMethodHandleAccessor.java:103)
[00:41:01] [SkinsRestorer - Task Executor #0/INFO] [eaglerxserver]: Enabling EaglercraftXServer 1.1.0...
[00:41:01] [SkinsRestorer - Task Executor #0/INFO] [eaglerxserver]: Connecting to skin cache database "jdbc:sqlite:eagler_skins_cache.db"...
[00:41:03] [SkinsRestorer - Task Executor #0/INFO] [eaglerxserver]: Connected to skin cache database successfully!
[00:41:03] [SkinsRestorer - Task Executor #0/INFO] [eaglerxserver]: Listening for SkinsRestorer skin apply event on vanilla players
[00:41:03] [SkinsRestorer - Task Executor #0/INFO] [eaglerweb]: Loading config files...
[00:41:03] [SkinsRestorer - Task Executor #0/INFO] [eaglerweb]: Indexing pages, please wait...
[00:41:03] [SkinsRestorer - Task Executor #0/INFO] [eaglerweb]: Indexed 12 pages total!
[00:41:03] [SkinsRestorer - Task Executor #0/INFO] [eaglerxrewind-1-5]: EaglerXRewind protocol for Eaglercraft 1.5.2 has been registered
[00:41:06] [Netty epoll Worker #0/WARN] [eaglerxserver]: =============================================
[00:41:06] [Netty epoll Worker #0/WARN] [eaglerxserver]: =============================================
[00:41:06] [Netty epoll Worker #0/WARN] [eaglerxserver]: 
[00:41:06] [Netty epoll Worker #0/WARN] [eaglerxserver]:  Updates are available for EaglerXServer
[00:41:06] [Netty epoll Worker #0/WARN] [eaglerxserver]:  ---------------------------------------
[00:41:06] [Netty epoll Worker #0/WARN] [eaglerxserver]: 
[00:41:06] [Netty epoll Worker #0/WARN] [eaglerxserver]:    :< Active: 1.1.0
[00:41:06] [Netty epoll Worker #0/WARN] [eaglerxserver]: 
[00:41:06] [Netty epoll Worker #0/WARN] [eaglerxserver]:    :> Latest: 1.1.1
[00:41:06] [Netty epoll Worker #0/WARN] [eaglerxserver]: 
[00:41:06] [Netty epoll Worker #0/WARN] [eaglerxserver]:  https://lax1dude.net/eaglerxserver/
[00:41:06] [Netty epoll Worker #0/WARN] [eaglerxserver]:  -----------------------------------
[00:41:06] [Netty epoll Worker #0/WARN] [eaglerxserver]: 
[00:41:06] [Netty epoll Worker #0/WARN] [eaglerxserver]: =============================================
[00:41:06] [Netty epoll Worker #0/WARN] [eaglerxserver]: =============================================
[00:41:07] [SkinsRestorer - Task Executor #1/INFO] [skinsrestorer]: ----------------------------------------------
[00:41:07] [SkinsRestorer - Task Executor #1/INFO] [skinsrestorer]:     +==================+
[00:41:07] [SkinsRestorer - Task Executor #1/INFO] [skinsrestorer]:     |   SkinsRestorer  |
[00:41:07] [SkinsRestorer - Task Executor #1/INFO] [skinsrestorer]:     |------------------|
[00:41:07] [SkinsRestorer - Task Executor #1/INFO] [skinsrestorer]:     +==================+
[00:41:07] [SkinsRestorer - Task Executor #1/INFO] [skinsrestorer]: ----------------------------------------------
[00:41:07] [SkinsRestorer - Task Executor #1/INFO] [skinsrestorer]:     Version: 15.12.0
[00:41:07] [SkinsRestorer - Task Executor #1/INFO] [skinsrestorer]:     Commit: 2903414
[00:41:07] [SkinsRestorer - Task Executor #1/INFO] [skinsrestorer]:     A new version (15.12.5) is available!
[00:41:07] [SkinsRestorer - Task Executor #1/INFO] [skinsrestorer]:     https://modrinth.com/plugin/skinsrestorer/version/15.12.5
[00:41:07] [SkinsRestorer - Task Executor #1/INFO] [skinsrestorer]: ----------------------------------------------
[00:41:07] [SkinsRestorer - Task Executor #1/INFO] [skinsrestorer]: Do you have issues? Read our troubleshooting guide: https://skinsrestorer.net/docs/troubleshooting
[00:41:07] [SkinsRestorer - Task Executor #1/INFO] [skinsrestorer]: Want to support SkinsRestorer or receive priority support? Become a supporter: https://skinsrestorer.net/pricing
[00:41:09] [SkinsRestorer - Task Executor #0/INFO] [nlogin]: Successful plugin core start (took 1.35s)
[00:41:09] [SkinsRestorer - Task Executor #0/INFO] [com.velocitypowered.proxy.console.VelocityConsole]:           __             _       
[00:41:09] [SkinsRestorer - Task Executor #0/INFO] [com.velocitypowered.proxy.console.VelocityConsole]:   _ __   / /  ___   __ _(_)_ __  
[00:41:09] [SkinsRestorer - Task Executor #0/INFO] [com.velocitypowered.proxy.console.VelocityConsole]:  | '_ \ / /  / _ \ / _` | | '_ \ 
[00:41:09] [SkinsRestorer - Task Executor #0/INFO] [com.velocitypowered.proxy.console.VelocityConsole]:  | | | / /__| (_) | (_| | | | | |
[00:41:09] [SkinsRestorer - Task Executor #0/INFO] [com.velocitypowered.proxy.console.VelocityConsole]:  |_| |_\____/\___/ \__, |_|_| |_|
[00:41:09] [SkinsRestorer - Task Executor #0/INFO] [com.velocitypowered.proxy.console.VelocityConsole]:                   |___/            
[00:41:09] [SkinsRestorer - Task Executor #0/INFO] [com.velocitypowered.proxy.console.VelocityConsole]:  By: www.nickuc.com - V 10.4.27
[00:41:09] [SkinsRestorer - Task Executor #0/INFO] [com.velocitypowered.proxy.console.VelocityConsole]:  
[00:41:12] [Netty epoll Worker #1/INFO] [eaglerxserver]: Listener "listener0" injected into channel [id: 0x8e400b21, L:/[0:0:0:0:0:0:0:0]:25569] successfully (Velocity method)
[00:41:12] [Netty epoll Worker #1/INFO] [com.velocitypowered.proxy.network.ConnectionManager]: Listening on /[0:0:0:0:0:0:0:0]:25569
[00:41:12] [Netty epoll Worker #2/INFO] [eaglerxserver]: Listener "listener0" injected into channel [id: 0x94365c29, L:/[0:0:0:0:0:0:0:0]:25569] successfully (Velocity method)
[00:41:12] [Netty epoll Worker #2/INFO] [com.velocitypowered.proxy.network.ConnectionManager]: Listening on /[0:0:0:0:0:0:0:0]:25569
[00:41:12] [Netty epoll Worker #3/INFO] [eaglerxserver]: Listener "listener0" injected into channel [id: 0x10846f1a, L:/[0:0:0:0:0:0:0:0]:25569] successfully (Velocity method)
[00:41:12] [Netty epoll Worker #3/INFO] [com.velocitypowered.proxy.network.ConnectionManager]: Listening on /[0:0:0:0:0:0:0:0]:25569
[00:41:12] [Netty epoll Worker #0/INFO] [eaglerxserver]: Listener "listener0" injected into channel [id: 0x57daa00c, L:/[0:0:0:0:0:0:0:0]:25569] successfully (Velocity method)
[00:41:12] [Netty epoll Worker #0/INFO] [com.velocitypowered.proxy.network.ConnectionManager]: Listening on /[0:0:0:0:0:0:0:0]:25569
[00:41:12] [main/INFO] [com.velocitypowered.proxy.Velocity]: Done (36.3s)!
[00:41:17] [nLogin - Task Executor #0/INFO] [com.velocitypowered.proxy.console.VelocityConsole]: 
[00:41:17] [nLogin - Task Executor #0/INFO] [com.velocitypowered.proxy.console.VelocityConsole]:  Thank you so much for choosing nLogin! <3
[00:41:17] [nLogin - Task Executor #0/INFO] [com.velocitypowered.proxy.console.VelocityConsole]: 
[00:41:17] [nLogin - Task Executor #0/INFO] [com.velocitypowered.proxy.console.VelocityConsole]:  For your safety, please read the message below:
[00:41:17] [nLogin - Task Executor #0/INFO] [com.velocitypowered.proxy.console.VelocityConsole]:   Never download nLogin from unknown sources.
[00:41:17] [nLogin - Task Executor #0/INFO] [com.velocitypowered.proxy.console.VelocityConsole]:   A modified version may contain malicious software.
[00:41:17] [nLogin - Task Executor #0/INFO] [com.velocitypowered.proxy.console.VelocityConsole]: 
[00:41:17] [nLogin - Task Executor #0/INFO] [com.velocitypowered.proxy.console.VelocityConsole]:  Trusted sources:
[00:41:17] [nLogin - Task Executor #0/INFO] [com.velocitypowered.proxy.console.VelocityConsole]:   www.nickuc.com
[00:41:17] [nLogin - Task Executor #0/INFO] [com.velocitypowered.proxy.console.VelocityConsole]:   www.github.com/nickuc
[00:41:17] [nLogin - Task Executor #0/INFO] [com.velocitypowered.proxy.console.VelocityConsole]:   OpeNLogin installer (from Spigot or GitHub)
[00:41:17] [nLogin - Task Executor #0/INFO] [com.velocitypowered.proxy.console.VelocityConsole]: 
[00:41:17] [nLogin - Task Executor #0/INFO] [com.velocitypowered.proxy.console.VelocityConsole]:  Official support channels:
[00:41:17] [nLogin - Task Executor #0/INFO] [com.velocitypowered.proxy.console.VelocityConsole]:   Discord group: www.nickuc.com/discord
[00:41:17] [nLogin - Task Executor #0/INFO] [com.velocitypowered.proxy.console.VelocityConsole]:   Documentation: docs.nickuc.com/nlogin/
[00:41:17] [nLogin - Task Executor #0/INFO] [com.velocitypowered.proxy.console.VelocityConsole]:   Email: support@nickuc.com
[00:41:17] [nLogin - Task Executor #0/INFO] [com.velocitypowered.proxy.console.VelocityConsole]:   YouTube: youtube.com/nickuc
[00:41:17] [nLogin - Task Executor #0/INFO] [com.velocitypowered.proxy.console.VelocityConsole]: 
[00:41:17] [nLogin - Task Executor #0/INFO] [com.velocitypowered.proxy.console.VelocityConsole]:  To remove this warning, log in with "nlogin.admin" permission on the server
[00:41:17] [nLogin - Task Executor #0/INFO] [com.velocitypowered.proxy.console.VelocityConsole]:  and click the "Setup plugin" button to configure your plugin.
[00:41:17] [nLogin - Task Executor #0/INFO] [com.velocitypowered.proxy.console.VelocityConsole]: 
[00:43:23] [Thread-2/INFO] [com.velocitypowered.proxy.VelocityServer]: Shutting down the proxy...
[00:43:23] [Thread-2/INFO] [com.velocitypowered.proxy.network.ConnectionManager]: Closing endpoint /0.0.0.0:25569
[00:43:23] [Thread-2/INFO] [com.velocitypowered.proxy.network.ConnectionManager]: Closing endpoint /0.0.0.0:25569
[00:43:23] [Thread-2/INFO] [com.velocitypowered.proxy.network.ConnectionManager]: Closing endpoint /0.0.0.0:25569
[00:43:23] [Thread-2/INFO] [com.velocitypowered.proxy.network.ConnectionManager]: Closing endpoint /0.0.0.0:25569
[00:43:23] [EaglercraftXServer - Task Executor #0/INFO] [eaglerxserver]: Disabling EaglercraftXServer 1.1.0...
[00:43:23] [EaglercraftXServer - Task Executor #0/INFO] [eaglerxserver]: Disconnecting from skin cache database "jdbc:sqlite:eagler_skins_cache.db"...
[00:43:23] [EaglercraftXServer - Task Executor #0/INFO] [eaglerxserver]: Disconnected from skin cache database successfully!
[00:43:23] [EaglercraftXServer - Task Executor #0/INFO] [eaglerweb]: Shutting down, please wait...
[00:43:23] [EaglercraftXServer - Task Executor #0/INFO] [eaglerxrewind-1-5]: EaglerXRewind protocol for Eaglercraft 1.5.2 has been unregistered
[00:43:23] [EaglercraftXServer - Task Executor #0/INFO] [nlogin]: Successful plugin core shutdown (took 0.00s)
